<?xml version="1.0" encoding="ISO-8859-1" ?>
<link_info>
   <banner>MSP430 Linker PC v21.6.1.LTS</banner>
   <copyright>Copyright (c) 2003-2018 Texas Instruments Incorporated</copyright>
   <link_time>0x66a233dc</link_time>
   <link_errors>0x0</link_errors>
   <output_file>Car-f5529.out</output_file>
   <entry_point>
      <name>_c_int00_noargs</name>
      <address>0x443e</address>
   </entry_point>
   <input_file_list>
      <input_file id="fl-2">
         <path>.\core\</path>
         <kind>object</kind>
         <file>HAL_FLASH.obj</file>
         <name>HAL_FLASH.obj</name>
      </input_file>
      <input_file id="fl-3">
         <path>.\core\</path>
         <kind>object</kind>
         <file>HAL_PMAP.obj</file>
         <name>HAL_PMAP.obj</name>
      </input_file>
      <input_file id="fl-4">
         <path>.\core\</path>
         <kind>object</kind>
         <file>HAL_PMM.obj</file>
         <name>HAL_PMM.obj</name>
      </input_file>
      <input_file id="fl-5">
         <path>.\core\</path>
         <kind>object</kind>
         <file>HAL_TLV.obj</file>
         <name>HAL_TLV.obj</name>
      </input_file>
      <input_file id="fl-6">
         <path>.\core\</path>
         <kind>object</kind>
         <file>HAL_UCS.obj</file>
         <name>HAL_UCS.obj</name>
      </input_file>
      <input_file id="fl-7">
         <path>.\src\</path>
         <kind>object</kind>
         <file>bsp_clks.obj</file>
         <name>bsp_clks.obj</name>
      </input_file>
      <input_file id="fl-8">
         <path>.\src\</path>
         <kind>object</kind>
         <file>bsp_iic.obj</file>
         <name>bsp_iic.obj</name>
      </input_file>
      <input_file id="fl-9">
         <path>.\src\</path>
         <kind>object</kind>
         <file>bsp_key.obj</file>
         <name>bsp_key.obj</name>
      </input_file>
      <input_file id="fl-a">
         <path>.\src\</path>
         <kind>object</kind>
         <file>bsp_led.obj</file>
         <name>bsp_led.obj</name>
      </input_file>
      <input_file id="fl-b">
         <path>.\src\</path>
         <kind>object</kind>
         <file>bsp_timer.obj</file>
         <name>bsp_timer.obj</name>
      </input_file>
      <input_file id="fl-c">
         <path>.\src\</path>
         <kind>object</kind>
         <file>bsp_uart.obj</file>
         <name>bsp_uart.obj</name>
      </input_file>
      <input_file id="fl-d">
         <path>.\src\</path>
         <kind>object</kind>
         <file>drv_car.obj</file>
         <name>drv_car.obj</name>
      </input_file>
      <input_file id="fl-e">
         <path>.\src\</path>
         <kind>object</kind>
         <file>main.obj</file>
         <name>main.obj</name>
      </input_file>
      <input_file id="fl-f">
         <path>.\src\</path>
         <kind>object</kind>
         <file>pid.obj</file>
         <name>pid.obj</name>
      </input_file>
      <input_file id="fl-10">
         <path>.\src\mpu6050\</path>
         <kind>object</kind>
         <file>drv_mpu6050.obj</file>
         <name>drv_mpu6050.obj</name>
      </input_file>
      <input_file id="fl-11">
         <path>.\src\mpu6050\eMPL\</path>
         <kind>object</kind>
         <file>inv_mpu.obj</file>
         <name>inv_mpu.obj</name>
      </input_file>
      <input_file id="fl-12">
         <path>.\src\mpu6050\eMPL\</path>
         <kind>object</kind>
         <file>inv_mpu_dmp_motion_driver.obj</file>
         <name>inv_mpu_dmp_motion_driver.obj</name>
      </input_file>
      <input_file id="fl-13">
         <path>.\src\mpu6050\eMPL\</path>
         <kind>object</kind>
         <file>mpuiic.obj</file>
         <name>mpuiic.obj</name>
      </input_file>
      <input_file id="fl-14">
         <path>.\src\oled\</path>
         <kind>object</kind>
         <file>drv_oled.obj</file>
         <name>drv_oled.obj</name>
      </input_file>
      <input_file id="fl-1a">
         <kind>object</kind>
         <file>&lt;internal&gt;</file>
         <name>&lt;internal&gt;</name>
      </input_file>
      <input_file id="fl-35">
         <path>F:\APP\ti\ccs1271\ccs\tools\compiler\ti-cgt-msp430_21.6.1.LTS\lib\</path>
         <kind>archive</kind>
         <file>rts430x_lc_rd_eabi.lib</file>
         <name>vsprintf.c.obj</name>
      </input_file>
      <input_file id="fl-36">
         <path>F:\APP\ti\ccs1271\ccs\tools\compiler\ti-cgt-msp430_21.6.1.LTS\lib\</path>
         <kind>archive</kind>
         <file>rts430x_lc_rd_eabi.lib</file>
         <name>e_asin.c.obj</name>
      </input_file>
      <input_file id="fl-37">
         <path>F:\APP\ti\ccs1271\ccs\tools\compiler\ti-cgt-msp430_21.6.1.LTS\lib\</path>
         <kind>archive</kind>
         <file>rts430x_lc_rd_eabi.lib</file>
         <name>e_atan2.c.obj</name>
      </input_file>
      <input_file id="fl-38">
         <path>F:\APP\ti\ccs1271\ccs\tools\compiler\ti-cgt-msp430_21.6.1.LTS\lib\</path>
         <kind>archive</kind>
         <file>rts430x_lc_rd_eabi.lib</file>
         <name>e_sqrt.c.obj</name>
      </input_file>
      <input_file id="fl-39">
         <path>F:\APP\ti\ccs1271\ccs\tools\compiler\ti-cgt-msp430_21.6.1.LTS\lib\</path>
         <kind>archive</kind>
         <file>rts430x_lc_rd_eabi.lib</file>
         <name>s_atan.c.obj</name>
      </input_file>
      <input_file id="fl-3a">
         <path>F:\APP\ti\ccs1271\ccs\tools\compiler\ti-cgt-msp430_21.6.1.LTS\lib\</path>
         <kind>archive</kind>
         <file>rts430x_lc_rd_eabi.lib</file>
         <name>div16s.asm.obj</name>
      </input_file>
      <input_file id="fl-3b">
         <path>F:\APP\ti\ccs1271\ccs\tools\compiler\ti-cgt-msp430_21.6.1.LTS\lib\</path>
         <kind>archive</kind>
         <file>rts430x_lc_rd_eabi.lib</file>
         <name>div16u.asm.obj</name>
      </input_file>
      <input_file id="fl-3c">
         <path>F:\APP\ti\ccs1271\ccs\tools\compiler\ti-cgt-msp430_21.6.1.LTS\lib\</path>
         <kind>archive</kind>
         <file>rts430x_lc_rd_eabi.lib</file>
         <name>div32s.asm.obj</name>
      </input_file>
      <input_file id="fl-3d">
         <path>F:\APP\ti\ccs1271\ccs\tools\compiler\ti-cgt-msp430_21.6.1.LTS\lib\</path>
         <kind>archive</kind>
         <file>rts430x_lc_rd_eabi.lib</file>
         <name>div32u.asm.obj</name>
      </input_file>
      <input_file id="fl-3e">
         <path>F:\APP\ti\ccs1271\ccs\tools\compiler\ti-cgt-msp430_21.6.1.LTS\lib\</path>
         <kind>archive</kind>
         <file>rts430x_lc_rd_eabi.lib</file>
         <name>fs_add.asm.obj</name>
      </input_file>
      <input_file id="fl-3f">
         <path>F:\APP\ti\ccs1271\ccs\tools\compiler\ti-cgt-msp430_21.6.1.LTS\lib\</path>
         <kind>archive</kind>
         <file>rts430x_lc_rd_eabi.lib</file>
         <name>fs_cmp.asm.obj</name>
      </input_file>
      <input_file id="fl-40">
         <path>F:\APP\ti\ccs1271\ccs\tools\compiler\ti-cgt-msp430_21.6.1.LTS\lib\</path>
         <kind>archive</kind>
         <file>rts430x_lc_rd_eabi.lib</file>
         <name>fs_div.asm.obj</name>
      </input_file>
      <input_file id="fl-41">
         <path>F:\APP\ti\ccs1271\ccs\tools\compiler\ti-cgt-msp430_21.6.1.LTS\lib\</path>
         <kind>archive</kind>
         <file>rts430x_lc_rd_eabi.lib</file>
         <name>fs_itof.asm.obj</name>
      </input_file>
      <input_file id="fl-42">
         <path>F:\APP\ti\ccs1271\ccs\tools\compiler\ti-cgt-msp430_21.6.1.LTS\lib\</path>
         <kind>archive</kind>
         <file>rts430x_lc_rd_eabi.lib</file>
         <name>fs_ltof.asm.obj</name>
      </input_file>
      <input_file id="fl-43">
         <path>F:\APP\ti\ccs1271\ccs\tools\compiler\ti-cgt-msp430_21.6.1.LTS\lib\</path>
         <kind>archive</kind>
         <file>rts430x_lc_rd_eabi.lib</file>
         <name>fs_mpy.asm.obj</name>
      </input_file>
      <input_file id="fl-44">
         <path>F:\APP\ti\ccs1271\ccs\tools\compiler\ti-cgt-msp430_21.6.1.LTS\lib\</path>
         <kind>archive</kind>
         <file>rts430x_lc_rd_eabi.lib</file>
         <name>fs_neg.asm.obj</name>
      </input_file>
      <input_file id="fl-45">
         <path>F:\APP\ti\ccs1271\ccs\tools\compiler\ti-cgt-msp430_21.6.1.LTS\lib\</path>
         <kind>archive</kind>
         <file>rts430x_lc_rd_eabi.lib</file>
         <name>fs_toi.asm.obj</name>
      </input_file>
      <input_file id="fl-46">
         <path>F:\APP\ti\ccs1271\ccs\tools\compiler\ti-cgt-msp430_21.6.1.LTS\lib\</path>
         <kind>archive</kind>
         <file>rts430x_lc_rd_eabi.lib</file>
         <name>fs_tol.asm.obj</name>
      </input_file>
      <input_file id="fl-47">
         <path>F:\APP\ti\ccs1271\ccs\tools\compiler\ti-cgt-msp430_21.6.1.LTS\lib\</path>
         <kind>archive</kind>
         <file>rts430x_lc_rd_eabi.lib</file>
         <name>fs_tou.asm.obj</name>
      </input_file>
      <input_file id="fl-48">
         <path>F:\APP\ti\ccs1271\ccs\tools\compiler\ti-cgt-msp430_21.6.1.LTS\lib\</path>
         <kind>archive</kind>
         <file>rts430x_lc_rd_eabi.lib</file>
         <name>fs_ultof.asm.obj</name>
      </input_file>
      <input_file id="fl-49">
         <path>F:\APP\ti\ccs1271\ccs\tools\compiler\ti-cgt-msp430_21.6.1.LTS\lib\</path>
         <kind>archive</kind>
         <file>rts430x_lc_rd_eabi.lib</file>
         <name>fs_utof.asm.obj</name>
      </input_file>
      <input_file id="fl-4a">
         <path>F:\APP\ti\ccs1271\ccs\tools\compiler\ti-cgt-msp430_21.6.1.LTS\lib\</path>
         <kind>archive</kind>
         <file>rts430x_lc_rd_eabi.lib</file>
         <name>int41.asm.obj</name>
      </input_file>
      <input_file id="fl-4b">
         <path>F:\APP\ti\ccs1271\ccs\tools\compiler\ti-cgt-msp430_21.6.1.LTS\lib\</path>
         <kind>archive</kind>
         <file>rts430x_lc_rd_eabi.lib</file>
         <name>int42.asm.obj</name>
      </input_file>
      <input_file id="fl-4c">
         <path>F:\APP\ti\ccs1271\ccs\tools\compiler\ti-cgt-msp430_21.6.1.LTS\lib\</path>
         <kind>archive</kind>
         <file>rts430x_lc_rd_eabi.lib</file>
         <name>int43.asm.obj</name>
      </input_file>
      <input_file id="fl-4d">
         <path>F:\APP\ti\ccs1271\ccs\tools\compiler\ti-cgt-msp430_21.6.1.LTS\lib\</path>
         <kind>archive</kind>
         <file>rts430x_lc_rd_eabi.lib</file>
         <name>int44.asm.obj</name>
      </input_file>
      <input_file id="fl-4e">
         <path>F:\APP\ti\ccs1271\ccs\tools\compiler\ti-cgt-msp430_21.6.1.LTS\lib\</path>
         <kind>archive</kind>
         <file>rts430x_lc_rd_eabi.lib</file>
         <name>int45.asm.obj</name>
      </input_file>
      <input_file id="fl-4f">
         <path>F:\APP\ti\ccs1271\ccs\tools\compiler\ti-cgt-msp430_21.6.1.LTS\lib\</path>
         <kind>archive</kind>
         <file>rts430x_lc_rd_eabi.lib</file>
         <name>int49.asm.obj</name>
      </input_file>
      <input_file id="fl-50">
         <path>F:\APP\ti\ccs1271\ccs\tools\compiler\ti-cgt-msp430_21.6.1.LTS\lib\</path>
         <kind>archive</kind>
         <file>rts430x_lc_rd_eabi.lib</file>
         <name>int50.asm.obj</name>
      </input_file>
      <input_file id="fl-51">
         <path>F:\APP\ti\ccs1271\ccs\tools\compiler\ti-cgt-msp430_21.6.1.LTS\lib\</path>
         <kind>archive</kind>
         <file>rts430x_lc_rd_eabi.lib</file>
         <name>int51.asm.obj</name>
      </input_file>
      <input_file id="fl-52">
         <path>F:\APP\ti\ccs1271\ccs\tools\compiler\ti-cgt-msp430_21.6.1.LTS\lib\</path>
         <kind>archive</kind>
         <file>rts430x_lc_rd_eabi.lib</file>
         <name>int52.asm.obj</name>
      </input_file>
      <input_file id="fl-53">
         <path>F:\APP\ti\ccs1271\ccs\tools\compiler\ti-cgt-msp430_21.6.1.LTS\lib\</path>
         <kind>archive</kind>
         <file>rts430x_lc_rd_eabi.lib</file>
         <name>int53.asm.obj</name>
      </input_file>
      <input_file id="fl-54">
         <path>F:\APP\ti\ccs1271\ccs\tools\compiler\ti-cgt-msp430_21.6.1.LTS\lib\</path>
         <kind>archive</kind>
         <file>rts430x_lc_rd_eabi.lib</file>
         <name>int54.asm.obj</name>
      </input_file>
      <input_file id="fl-55">
         <path>F:\APP\ti\ccs1271\ccs\tools\compiler\ti-cgt-msp430_21.6.1.LTS\lib\</path>
         <kind>archive</kind>
         <file>rts430x_lc_rd_eabi.lib</file>
         <name>int57.asm.obj</name>
      </input_file>
      <input_file id="fl-56">
         <path>F:\APP\ti\ccs1271\ccs\tools\compiler\ti-cgt-msp430_21.6.1.LTS\lib\</path>
         <kind>archive</kind>
         <file>rts430x_lc_rd_eabi.lib</file>
         <name>int58.asm.obj</name>
      </input_file>
      <input_file id="fl-57">
         <path>F:\APP\ti\ccs1271\ccs\tools\compiler\ti-cgt-msp430_21.6.1.LTS\lib\</path>
         <kind>archive</kind>
         <file>rts430x_lc_rd_eabi.lib</file>
         <name>int59.asm.obj</name>
      </input_file>
      <input_file id="fl-58">
         <path>F:\APP\ti\ccs1271\ccs\tools\compiler\ti-cgt-msp430_21.6.1.LTS\lib\</path>
         <kind>archive</kind>
         <file>rts430x_lc_rd_eabi.lib</file>
         <name>int60.asm.obj</name>
      </input_file>
      <input_file id="fl-59">
         <path>F:\APP\ti\ccs1271\ccs\tools\compiler\ti-cgt-msp430_21.6.1.LTS\lib\</path>
         <kind>archive</kind>
         <file>rts430x_lc_rd_eabi.lib</file>
         <name>int61.asm.obj</name>
      </input_file>
      <input_file id="fl-5a">
         <path>F:\APP\ti\ccs1271\ccs\tools\compiler\ti-cgt-msp430_21.6.1.LTS\lib\</path>
         <kind>archive</kind>
         <file>rts430x_lc_rd_eabi.lib</file>
         <name>int62.asm.obj</name>
      </input_file>
      <input_file id="fl-5b">
         <path>F:\APP\ti\ccs1271\ccs\tools\compiler\ti-cgt-msp430_21.6.1.LTS\lib\</path>
         <kind>archive</kind>
         <file>rts430x_lc_rd_eabi.lib</file>
         <name>isr_trap.asm.obj</name>
      </input_file>
      <input_file id="fl-5c">
         <path>F:\APP\ti\ccs1271\ccs\tools\compiler\ti-cgt-msp430_21.6.1.LTS\lib\</path>
         <kind>archive</kind>
         <file>rts430x_lc_rd_eabi.lib</file>
         <name>lsl16.asm.obj</name>
      </input_file>
      <input_file id="fl-5d">
         <path>F:\APP\ti\ccs1271\ccs\tools\compiler\ti-cgt-msp430_21.6.1.LTS\lib\</path>
         <kind>archive</kind>
         <file>rts430x_lc_rd_eabi.lib</file>
         <name>lsl32.asm.obj</name>
      </input_file>
      <input_file id="fl-5e">
         <path>F:\APP\ti\ccs1271\ccs\tools\compiler\ti-cgt-msp430_21.6.1.LTS\lib\</path>
         <kind>archive</kind>
         <file>rts430x_lc_rd_eabi.lib</file>
         <name>lsr32.asm.obj</name>
      </input_file>
      <input_file id="fl-5f">
         <path>F:\APP\ti\ccs1271\ccs\tools\compiler\ti-cgt-msp430_21.6.1.LTS\lib\</path>
         <kind>archive</kind>
         <file>rts430x_lc_rd_eabi.lib</file>
         <name>mult16.asm.obj</name>
      </input_file>
      <input_file id="fl-60">
         <path>F:\APP\ti\ccs1271\ccs\tools\compiler\ti-cgt-msp430_21.6.1.LTS\lib\</path>
         <kind>archive</kind>
         <file>rts430x_lc_rd_eabi.lib</file>
         <name>mult16_f5hw.asm.obj</name>
      </input_file>
      <input_file id="fl-61">
         <path>F:\APP\ti\ccs1271\ccs\tools\compiler\ti-cgt-msp430_21.6.1.LTS\lib\</path>
         <kind>archive</kind>
         <file>rts430x_lc_rd_eabi.lib</file>
         <name>mult1632_f5hw.asm.obj</name>
      </input_file>
      <input_file id="fl-62">
         <path>F:\APP\ti\ccs1271\ccs\tools\compiler\ti-cgt-msp430_21.6.1.LTS\lib\</path>
         <kind>archive</kind>
         <file>rts430x_lc_rd_eabi.lib</file>
         <name>mult32.asm.obj</name>
      </input_file>
      <input_file id="fl-63">
         <path>F:\APP\ti\ccs1271\ccs\tools\compiler\ti-cgt-msp430_21.6.1.LTS\lib\</path>
         <kind>archive</kind>
         <file>rts430x_lc_rd_eabi.lib</file>
         <name>mult32_f5hw.asm.obj</name>
      </input_file>
      <input_file id="fl-64">
         <path>F:\APP\ti\ccs1271\ccs\tools\compiler\ti-cgt-msp430_21.6.1.LTS\lib\</path>
         <kind>archive</kind>
         <file>rts430x_lc_rd_eabi.lib</file>
         <name>mult3264_f5hw.asm.obj</name>
      </input_file>
      <input_file id="fl-65">
         <path>F:\APP\ti\ccs1271\ccs\tools\compiler\ti-cgt-msp430_21.6.1.LTS\lib\</path>
         <kind>archive</kind>
         <file>rts430x_lc_rd_eabi.lib</file>
         <name>mult64.asm.obj</name>
      </input_file>
      <input_file id="fl-66">
         <path>F:\APP\ti\ccs1271\ccs\tools\compiler\ti-cgt-msp430_21.6.1.LTS\lib\</path>
         <kind>archive</kind>
         <file>rts430x_lc_rd_eabi.lib</file>
         <name>mult64_f5hw.asm.obj</name>
      </input_file>
      <input_file id="fl-67">
         <path>F:\APP\ti\ccs1271\ccs\tools\compiler\ti-cgt-msp430_21.6.1.LTS\lib\</path>
         <kind>archive</kind>
         <file>rts430x_lc_rd_eabi.lib</file>
         <name>boot.c.obj</name>
      </input_file>
      <input_file id="fl-68">
         <path>F:\APP\ti\ccs1271\ccs\tools\compiler\ti-cgt-msp430_21.6.1.LTS\lib\</path>
         <kind>archive</kind>
         <file>rts430x_lc_rd_eabi.lib</file>
         <name>autoinit.c.obj</name>
      </input_file>
      <input_file id="fl-69">
         <path>F:\APP\ti\ccs1271\ccs\tools\compiler\ti-cgt-msp430_21.6.1.LTS\lib\</path>
         <kind>archive</kind>
         <file>rts430x_lc_rd_eabi.lib</file>
         <name>copy_zero_init.c.obj</name>
      </input_file>
      <input_file id="fl-6a">
         <path>F:\APP\ti\ccs1271\ccs\tools\compiler\ti-cgt-msp430_21.6.1.LTS\lib\</path>
         <kind>archive</kind>
         <file>rts430x_lc_rd_eabi.lib</file>
         <name>cpy_tbl.c.obj</name>
      </input_file>
      <input_file id="fl-6b">
         <path>F:\APP\ti\ccs1271\ccs\tools\compiler\ti-cgt-msp430_21.6.1.LTS\lib\</path>
         <kind>archive</kind>
         <file>rts430x_lc_rd_eabi.lib</file>
         <name>mpu_init.c.obj</name>
      </input_file>
      <input_file id="fl-6c">
         <path>F:\APP\ti\ccs1271\ccs\tools\compiler\ti-cgt-msp430_21.6.1.LTS\lib\</path>
         <kind>archive</kind>
         <file>rts430x_lc_rd_eabi.lib</file>
         <name>asr64.c.obj</name>
      </input_file>
      <input_file id="fl-6d">
         <path>F:\APP\ti\ccs1271\ccs\tools\compiler\ti-cgt-msp430_21.6.1.LTS\lib\</path>
         <kind>archive</kind>
         <file>rts430x_lc_rd_eabi.lib</file>
         <name>lsl64.c.obj</name>
      </input_file>
      <input_file id="fl-6e">
         <path>F:\APP\ti\ccs1271\ccs\tools\compiler\ti-cgt-msp430_21.6.1.LTS\lib\</path>
         <kind>archive</kind>
         <file>rts430x_lc_rd_eabi.lib</file>
         <name>lsr64.c.obj</name>
      </input_file>
      <input_file id="fl-6f">
         <path>F:\APP\ti\ccs1271\ccs\tools\compiler\ti-cgt-msp430_21.6.1.LTS\lib\</path>
         <kind>archive</kind>
         <file>rts430x_lc_rd_eabi.lib</file>
         <name>div64s.c.obj</name>
      </input_file>
      <input_file id="fl-70">
         <path>F:\APP\ti\ccs1271\ccs\tools\compiler\ti-cgt-msp430_21.6.1.LTS\lib\</path>
         <kind>archive</kind>
         <file>rts430x_lc_rd_eabi.lib</file>
         <name>div64u.c.obj</name>
      </input_file>
      <input_file id="fl-71">
         <path>F:\APP\ti\ccs1271\ccs\tools\compiler\ti-cgt-msp430_21.6.1.LTS\lib\</path>
         <kind>archive</kind>
         <file>rts430x_lc_rd_eabi.lib</file>
         <name>pre_init.c.obj</name>
      </input_file>
      <input_file id="fl-72">
         <path>F:\APP\ti\ccs1271\ccs\tools\compiler\ti-cgt-msp430_21.6.1.LTS\lib\</path>
         <kind>archive</kind>
         <file>rts430x_lc_rd_eabi.lib</file>
         <name>startup.c.obj</name>
      </input_file>
      <input_file id="fl-73">
         <path>F:\APP\ti\ccs1271\ccs\tools\compiler\ti-cgt-msp430_21.6.1.LTS\lib\</path>
         <kind>archive</kind>
         <file>rts430x_lc_rd_eabi.lib</file>
         <name>copy_decompress_none.c.obj</name>
      </input_file>
      <input_file id="fl-74">
         <path>F:\APP\ti\ccs1271\ccs\tools\compiler\ti-cgt-msp430_21.6.1.LTS\lib\</path>
         <kind>archive</kind>
         <file>rts430x_lc_rd_eabi.lib</file>
         <name>copy_decompress_lzss.c.obj</name>
      </input_file>
      <input_file id="fl-75">
         <path>F:\APP\ti\ccs1271\ccs\tools\compiler\ti-cgt-msp430_21.6.1.LTS\lib\</path>
         <kind>archive</kind>
         <file>rts430x_lc_rd_eabi.lib</file>
         <name>cvtdf.c.obj</name>
      </input_file>
      <input_file id="fl-76">
         <path>F:\APP\ti\ccs1271\ccs\tools\compiler\ti-cgt-msp430_21.6.1.LTS\lib\</path>
         <kind>archive</kind>
         <file>rts430x_lc_rd_eabi.lib</file>
         <name>addd.c.obj</name>
      </input_file>
      <input_file id="fl-77">
         <path>F:\APP\ti\ccs1271\ccs\tools\compiler\ti-cgt-msp430_21.6.1.LTS\lib\</path>
         <kind>archive</kind>
         <file>rts430x_lc_rd_eabi.lib</file>
         <name>cmpd.c.obj</name>
      </input_file>
      <input_file id="fl-78">
         <path>F:\APP\ti\ccs1271\ccs\tools\compiler\ti-cgt-msp430_21.6.1.LTS\lib\</path>
         <kind>archive</kind>
         <file>rts430x_lc_rd_eabi.lib</file>
         <name>cvtfd.c.obj</name>
      </input_file>
      <input_file id="fl-79">
         <path>F:\APP\ti\ccs1271\ccs\tools\compiler\ti-cgt-msp430_21.6.1.LTS\lib\</path>
         <kind>archive</kind>
         <file>rts430x_lc_rd_eabi.lib</file>
         <name>divd.c.obj</name>
      </input_file>
      <input_file id="fl-7a">
         <path>F:\APP\ti\ccs1271\ccs\tools\compiler\ti-cgt-msp430_21.6.1.LTS\lib\</path>
         <kind>archive</kind>
         <file>rts430x_lc_rd_eabi.lib</file>
         <name>fixdi.c.obj</name>
      </input_file>
      <input_file id="fl-7b">
         <path>F:\APP\ti\ccs1271\ccs\tools\compiler\ti-cgt-msp430_21.6.1.LTS\lib\</path>
         <kind>archive</kind>
         <file>rts430x_lc_rd_eabi.lib</file>
         <name>fixdli.c.obj</name>
      </input_file>
      <input_file id="fl-7c">
         <path>F:\APP\ti\ccs1271\ccs\tools\compiler\ti-cgt-msp430_21.6.1.LTS\lib\</path>
         <kind>archive</kind>
         <file>rts430x_lc_rd_eabi.lib</file>
         <name>fixdu.c.obj</name>
      </input_file>
      <input_file id="fl-7d">
         <path>F:\APP\ti\ccs1271\ccs\tools\compiler\ti-cgt-msp430_21.6.1.LTS\lib\</path>
         <kind>archive</kind>
         <file>rts430x_lc_rd_eabi.lib</file>
         <name>fixdul.c.obj</name>
      </input_file>
      <input_file id="fl-7e">
         <path>F:\APP\ti\ccs1271\ccs\tools\compiler\ti-cgt-msp430_21.6.1.LTS\lib\</path>
         <kind>archive</kind>
         <file>rts430x_lc_rd_eabi.lib</file>
         <name>fltid.c.obj</name>
      </input_file>
      <input_file id="fl-7f">
         <path>F:\APP\ti\ccs1271\ccs\tools\compiler\ti-cgt-msp430_21.6.1.LTS\lib\</path>
         <kind>archive</kind>
         <file>rts430x_lc_rd_eabi.lib</file>
         <name>fltlid.c.obj</name>
      </input_file>
      <input_file id="fl-80">
         <path>F:\APP\ti\ccs1271\ccs\tools\compiler\ti-cgt-msp430_21.6.1.LTS\lib\</path>
         <kind>archive</kind>
         <file>rts430x_lc_rd_eabi.lib</file>
         <name>fltuld.c.obj</name>
      </input_file>
      <input_file id="fl-81">
         <path>F:\APP\ti\ccs1271\ccs\tools\compiler\ti-cgt-msp430_21.6.1.LTS\lib\</path>
         <kind>archive</kind>
         <file>rts430x_lc_rd_eabi.lib</file>
         <name>frcdivd.c.obj</name>
      </input_file>
      <input_file id="fl-82">
         <path>F:\APP\ti\ccs1271\ccs\tools\compiler\ti-cgt-msp430_21.6.1.LTS\lib\</path>
         <kind>archive</kind>
         <file>rts430x_lc_rd_eabi.lib</file>
         <name>mpyd.c.obj</name>
      </input_file>
      <input_file id="fl-83">
         <path>F:\APP\ti\ccs1271\ccs\tools\compiler\ti-cgt-msp430_21.6.1.LTS\lib\</path>
         <kind>archive</kind>
         <file>rts430x_lc_rd_eabi.lib</file>
         <name>negd.c.obj</name>
      </input_file>
      <input_file id="fl-84">
         <path>F:\APP\ti\ccs1271\ccs\tools\compiler\ti-cgt-msp430_21.6.1.LTS\lib\</path>
         <kind>archive</kind>
         <file>rts430x_lc_rd_eabi.lib</file>
         <name>subd.c.obj</name>
      </input_file>
      <input_file id="fl-85">
         <path>F:\APP\ti\ccs1271\ccs\tools\compiler\ti-cgt-msp430_21.6.1.LTS\lib\</path>
         <kind>archive</kind>
         <file>rts430x_lc_rd_eabi.lib</file>
         <name>exit.c.obj</name>
      </input_file>
      <input_file id="fl-86">
         <path>F:\APP\ti\ccs1271\ccs\tools\compiler\ti-cgt-msp430_21.6.1.LTS\lib\</path>
         <kind>archive</kind>
         <file>rts430x_lc_rd_eabi.lib</file>
         <name>_lock.c.obj</name>
      </input_file>
      <input_file id="fl-87">
         <path>F:\APP\ti\ccs1271\ccs\tools\compiler\ti-cgt-msp430_21.6.1.LTS\lib\</path>
         <kind>archive</kind>
         <file>rts430x_lc_rd_eabi.lib</file>
         <name>args_main.c.obj</name>
      </input_file>
      <input_file id="fl-88">
         <path>F:\APP\ti\ccs1271\ccs\tools\compiler\ti-cgt-msp430_21.6.1.LTS\lib\</path>
         <kind>archive</kind>
         <file>rts430x_lc_rd_eabi.lib</file>
         <name>memcmp.c.obj</name>
      </input_file>
      <input_file id="fl-89">
         <path>F:\APP\ti\ccs1271\ccs\tools\compiler\ti-cgt-msp430_21.6.1.LTS\lib\</path>
         <kind>archive</kind>
         <file>rts430x_lc_rd_eabi.lib</file>
         <name>memcpy.c.obj</name>
      </input_file>
      <input_file id="fl-8a">
         <path>F:\APP\ti\ccs1271\ccs\tools\compiler\ti-cgt-msp430_21.6.1.LTS\lib\</path>
         <kind>archive</kind>
         <file>rts430x_lc_rd_eabi.lib</file>
         <name>memset.c.obj</name>
      </input_file>
      <input_file id="fl-8b">
         <path>F:\APP\ti\ccs1271\ccs\tools\compiler\ti-cgt-msp430_21.6.1.LTS\lib\</path>
         <kind>archive</kind>
         <file>rts430x_lc_rd_eabi.lib</file>
         <name>labs.c.obj</name>
      </input_file>
      <input_file id="fl-8c">
         <path>F:\APP\ti\ccs1271\ccs\tools\compiler\ti-cgt-msp430_21.6.1.LTS\lib\</path>
         <kind>archive</kind>
         <file>rts430x_lc_rd_eabi.lib</file>
         <name>llabs.c.obj</name>
      </input_file>
      <input_file id="fl-8d">
         <path>F:\APP\ti\ccs1271\ccs\tools\compiler\ti-cgt-msp430_21.6.1.LTS\lib\</path>
         <kind>archive</kind>
         <file>rts430x_lc_rd_eabi.lib</file>
         <name>errno.c.obj</name>
      </input_file>
      <input_file id="fl-8e">
         <path>F:\APP\ti\ccs1271\ccs\tools\compiler\ti-cgt-msp430_21.6.1.LTS\lib\</path>
         <kind>archive</kind>
         <file>rts430x_lc_rd_eabi.lib</file>
         <name>_printfi.c.obj</name>
      </input_file>
      <input_file id="fl-8f">
         <path>F:\APP\ti\ccs1271\ccs\tools\compiler\ti-cgt-msp430_21.6.1.LTS\lib\</path>
         <kind>archive</kind>
         <file>rts430x_lc_rd_eabi.lib</file>
         <name>s_frexp.c.obj</name>
      </input_file>
      <input_file id="fl-90">
         <path>F:\APP\ti\ccs1271\ccs\tools\compiler\ti-cgt-msp430_21.6.1.LTS\lib\</path>
         <kind>archive</kind>
         <file>rts430x_lc_rd_eabi.lib</file>
         <name>s_scalbn.c.obj</name>
      </input_file>
      <input_file id="fl-91">
         <path>F:\APP\ti\ccs1271\ccs\tools\compiler\ti-cgt-msp430_21.6.1.LTS\lib\</path>
         <kind>archive</kind>
         <file>rts430x_lc_rd_eabi.lib</file>
         <name>s_copysign.c.obj</name>
      </input_file>
      <input_file id="fl-92">
         <path>F:\APP\ti\ccs1271\ccs\tools\compiler\ti-cgt-msp430_21.6.1.LTS\lib\</path>
         <kind>archive</kind>
         <file>rts430x_lc_rd_eabi.lib</file>
         <name>wcslen.c.obj</name>
      </input_file>
      <input_file id="fl-93">
         <path>F:\APP\ti\ccs1271\ccs\tools\compiler\ti-cgt-msp430_21.6.1.LTS\lib\</path>
         <kind>archive</kind>
         <file>rts430x_lc_rd_eabi.lib</file>
         <name>asr32.asm.obj</name>
      </input_file>
      <input_file id="fl-94">
         <path>F:\APP\ti\ccs1271\ccs\tools\compiler\ti-cgt-msp430_21.6.1.LTS\lib\</path>
         <kind>archive</kind>
         <file>rts430x_lc_rd_eabi.lib</file>
         <name>mult1632.asm.obj</name>
      </input_file>
      <input_file id="fl-95">
         <path>F:\APP\ti\ccs1271\ccs\tools\compiler\ti-cgt-msp430_21.6.1.LTS\lib\</path>
         <kind>archive</kind>
         <file>rts430x_lc_rd_eabi.lib</file>
         <name>exit_gvars.c.obj</name>
      </input_file>
      <input_file id="fl-96">
         <path>F:\APP\ti\ccs1271\ccs\tools\compiler\ti-cgt-msp430_21.6.1.LTS\lib\</path>
         <kind>archive</kind>
         <file>rts430x_lc_rd_eabi.lib</file>
         <name>frcmpyd.c.obj</name>
      </input_file>
      <input_file id="fl-97">
         <path>F:\APP\ti\ccs1271\ccs\tools\compiler\ti-cgt-msp430_21.6.1.LTS\lib\</path>
         <kind>archive</kind>
         <file>rts430x_lc_rd_eabi.lib</file>
         <name>_ltoa.c.obj</name>
      </input_file>
      <input_file id="fl-98">
         <path>F:\APP\ti\ccs1271\ccs\tools\compiler\ti-cgt-msp430_21.6.1.LTS\lib\</path>
         <kind>archive</kind>
         <file>rts430x_lc_rd_eabi.lib</file>
         <name>atoi.c.obj</name>
      </input_file>
      <input_file id="fl-99">
         <path>F:\APP\ti\ccs1271\ccs\tools\compiler\ti-cgt-msp430_21.6.1.LTS\lib\</path>
         <kind>archive</kind>
         <file>rts430x_lc_rd_eabi.lib</file>
         <name>ctype.c.obj</name>
      </input_file>
      <input_file id="fl-9a">
         <path>F:\APP\ti\ccs1271\ccs\tools\compiler\ti-cgt-msp430_21.6.1.LTS\lib\</path>
         <kind>archive</kind>
         <file>rts430x_lc_rd_eabi.lib</file>
         <name>memccpy.c.obj</name>
      </input_file>
      <input_file id="fl-9b">
         <path>F:\APP\ti\ccs1271\ccs\tools\compiler\ti-cgt-msp430_21.6.1.LTS\lib\</path>
         <kind>archive</kind>
         <file>rts430x_lc_rd_eabi.lib</file>
         <name>strchr.c.obj</name>
      </input_file>
      <input_file id="fl-9c">
         <path>F:\APP\ti\ccs1271\ccs\tools\compiler\ti-cgt-msp430_21.6.1.LTS\lib\</path>
         <kind>archive</kind>
         <file>rts430x_lc_rd_eabi.lib</file>
         <name>strlen.c.obj</name>
      </input_file>
      <input_file id="fl-9d">
         <path>F:\APP\ti\ccs1271\ccs\tools\compiler\ti-cgt-msp430_21.6.1.LTS\lib\</path>
         <kind>archive</kind>
         <file>rts430x_lc_rd_eabi.lib</file>
         <name>toupper.c.obj</name>
      </input_file>
      <input_file id="fl-9e">
         <path>F:\APP\ti\ccs1271\ccs\tools\compiler\ti-cgt-msp430_21.6.1.LTS\lib\</path>
         <kind>archive</kind>
         <file>rts430x_lc_rd_eabi.lib</file>
         <name>abs.c.obj</name>
      </input_file>
      <input_file id="fl-9f">
         <path>F:\APP\ti\ccs1271\ccs\tools\compiler\ti-cgt-msp430_21.6.1.LTS\lib\</path>
         <kind>archive</kind>
         <file>rts430x_lc_rd_eabi.lib</file>
         <name>mult3264.asm.obj</name>
      </input_file>
   </input_file_list>
   <object_component_list>
      <object_component id="oc-4b9">
         <name>.common:I2CSendBuffer</name>
         <uninitialized>true</uninitialized>
         <run_address>0x24e8</run_address>
         <size>0x14</size>
      </object_component>
      <object_component id="oc-4bd">
         <name>.common:I2CRecvBuffer</name>
         <uninitialized>true</uninitialized>
         <run_address>0x24fc</run_address>
         <size>0x1</size>
      </object_component>
      <object_component id="oc-4b6">
         <name>.data</name>
         <load_address>0x24e4</load_address>
         <run_address>0x24e4</run_address>
         <size>0x2</size>
         <input_file_ref idref="fl-8"/>
      </object_component>
      <object_component id="oc-5f3">
         <name>.data</name>
         <load_address>0x24e6</load_address>
         <run_address>0x24e6</run_address>
         <size>0x1</size>
         <input_file_ref idref="fl-9"/>
      </object_component>
      <object_component id="oc-47e">
         <name>.data</name>
         <load_address>0x24d8</load_address>
         <run_address>0x24d8</run_address>
         <size>0x4</size>
         <input_file_ref idref="fl-b"/>
      </object_component>
      <object_component id="oc-4bf">
         <name>.data:rxbuff0</name>
         <load_address>0x24b0</load_address>
         <run_address>0x24b0</run_address>
         <size>0x14</size>
         <input_file_ref idref="fl-c"/>
      </object_component>
      <object_component id="oc-466">
         <name>.data:rxbuff1</name>
         <load_address>0x24c4</load_address>
         <run_address>0x24c4</run_address>
         <size>0x14</size>
         <input_file_ref idref="fl-c"/>
      </object_component>
      <object_component id="oc-463">
         <name>.data</name>
         <load_address>0x24dc</load_address>
         <run_address>0x24dc</run_address>
         <size>0x4</size>
         <input_file_ref idref="fl-c"/>
      </object_component>
      <object_component id="oc-5d9">
         <name>.data:PID_DRIVER_SPEED</name>
         <load_address>0x2488</load_address>
         <run_address>0x2488</run_address>
         <size>0x28</size>
         <input_file_ref idref="fl-d"/>
      </object_component>
      <object_component id="oc-3ff">
         <name>.data:car_control</name>
         <load_address>0x2400</load_address>
         <run_address>0x2400</run_address>
         <size>0x88</size>
         <input_file_ref idref="fl-e"/>
      </object_component>
      <object_component id="oc-509">
         <name>.data</name>
         <load_address>0x24e0</load_address>
         <run_address>0x24e0</run_address>
         <size>0x4</size>
         <input_file_ref idref="fl-e"/>
      </object_component>
      <object_component id="oc-36b">
         <name>.stack</name>
         <uninitialized>true</uninitialized>
         <run_address>0x4360</run_address>
         <size>0x4</size>
         <input_file_ref idref="fl-67"/>
      </object_component>
      <object_component id="oc-811">
         <name>.stack</name>
         <uninitialized>true</uninitialized>
         <run_address>0x4360</run_address>
         <size>0x0</size>
      </object_component>
      <object_component id="oc-5b4">
         <name>.text:__mspabi_addd</name>
         <load_address>0x10000</load_address>
         <run_address>0x10000</run_address>
         <size>0x72a</size>
         <input_file_ref idref="fl-76"/>
      </object_component>
      <object_component id="oc-489">
         <name>.text:__mspabi_mpyd</name>
         <load_address>0x1072a</load_address>
         <run_address>0x1072a</run_address>
         <size>0x292</size>
         <input_file_ref idref="fl-82"/>
      </object_component>
      <object_component id="oc-4a9">
         <name>.text:PID_Calc</name>
         <load_address>0x109bc</load_address>
         <run_address>0x109bc</run_address>
         <size>0x28a</size>
         <input_file_ref idref="fl-f"/>
      </object_component>
      <object_component id="oc-4af">
         <name>.text:pwm_set_compare</name>
         <load_address>0x10c46</load_address>
         <run_address>0x10c46</run_address>
         <size>0x246</size>
         <input_file_ref idref="fl-d"/>
      </object_component>
      <object_component id="oc-415">
         <name>.text:Car_control_loop</name>
         <load_address>0x10e8c</load_address>
         <run_address>0x10e8c</run_address>
         <size>0x21e</size>
         <input_file_ref idref="fl-d"/>
      </object_component>
      <object_component id="oc-43e">
         <name>.text:main</name>
         <load_address>0x110aa</load_address>
         <run_address>0x110aa</run_address>
         <size>0x1e2</size>
         <input_file_ref idref="fl-e"/>
      </object_component>
      <object_component id="oc-589">
         <name>.text:__TI_frcmpyd</name>
         <load_address>0x1128c</load_address>
         <run_address>0x1128c</run_address>
         <size>0x164</size>
         <input_file_ref idref="fl-96"/>
      </object_component>
      <object_component id="oc-73c">
         <name>.text:__TI_printfi_minimal:_setfield___TI_printfi_minimal</name>
         <load_address>0x113f0</load_address>
         <run_address>0x113f0</run_address>
         <size>0x132</size>
         <input_file_ref idref="fl-8e"/>
      </object_component>
      <object_component id="oc-49f">
         <name>.text</name>
         <load_address>0x11522</load_address>
         <run_address>0x11522</run_address>
         <size>0x132</size>
         <input_file_ref idref="fl-3e"/>
      </object_component>
      <object_component id="oc-4ea">
         <name>.text:drv_car_init</name>
         <load_address>0x11654</load_address>
         <run_address>0x11654</run_address>
         <size>0xfc</size>
         <input_file_ref idref="fl-d"/>
      </object_component>
      <object_component id="oc-4f0">
         <name>.text:OLED_Init</name>
         <load_address>0x11750</load_address>
         <run_address>0x11750</run_address>
         <size>0xde</size>
         <input_file_ref idref="fl-14"/>
      </object_component>
      <object_component id="oc-6d0">
         <name>.text:__TI_printfi_minimal:__TI_printfi_minimal</name>
         <load_address>0x1182e</load_address>
         <run_address>0x1182e</run_address>
         <size>0xdc</size>
         <input_file_ref idref="fl-8e"/>
      </object_component>
      <object_component id="oc-76a">
         <name>.text:__TI_printfi_minimal:_pproc_diouxp___TI_printfi_minimal</name>
         <load_address>0x1190a</load_address>
         <run_address>0x1190a</run_address>
         <size>0xda</size>
         <input_file_ref idref="fl-8e"/>
      </object_component>
      <object_component id="oc-690">
         <name>.text:SetVCoreUp</name>
         <load_address>0x119e4</load_address>
         <run_address>0x119e4</run_address>
         <size>0xd4</size>
         <input_file_ref idref="fl-4"/>
      </object_component>
      <object_component id="oc-49a">
         <name>.text</name>
         <load_address>0x11ab8</load_address>
         <run_address>0x11ab8</run_address>
         <size>0xb8</size>
         <input_file_ref idref="fl-43"/>
      </object_component>
      <object_component id="oc-5eb">
         <name>.text:OLED_ShowChar</name>
         <load_address>0x11b70</load_address>
         <run_address>0x11b70</run_address>
         <size>0xac</size>
         <input_file_ref idref="fl-14"/>
      </object_component>
      <object_component id="oc-582">
         <name>.text:__mspabi_fltlid</name>
         <load_address>0x11c1c</load_address>
         <run_address>0x11c1c</run_address>
         <size>0x9e</size>
         <input_file_ref idref="fl-7f"/>
      </object_component>
      <object_component id="oc-696">
         <name>.text:SetVCoreDown</name>
         <load_address>0x11cba</load_address>
         <run_address>0x11cba</run_address>
         <size>0x9a</size>
         <input_file_ref idref="fl-4"/>
      </object_component>
      <object_component id="oc-512">
         <name>.text:OLED_ShowNum</name>
         <load_address>0x11d54</load_address>
         <run_address>0x11d54</run_address>
         <size>0x86</size>
         <input_file_ref idref="fl-14"/>
      </object_component>
      <object_component id="oc-6d">
         <name>.text:decompress:lzss:__TI_decompress_lzss</name>
         <load_address>0x11dda</load_address>
         <run_address>0x11dda</run_address>
         <size>0x76</size>
         <input_file_ref idref="fl-74"/>
      </object_component>
      <object_component id="oc-5ae">
         <name>.text:motor_dir</name>
         <load_address>0x11e50</load_address>
         <run_address>0x11e50</run_address>
         <size>0x6e</size>
         <input_file_ref idref="fl-d"/>
      </object_component>
      <object_component id="oc-4c6">
         <name>.text:bsp_clks_init</name>
         <load_address>0x11ebe</load_address>
         <run_address>0x11ebe</run_address>
         <size>0x6a</size>
         <input_file_ref idref="fl-7"/>
      </object_component>
      <object_component id="oc-688">
         <name>.text:__mspabi_fixdul</name>
         <load_address>0x11f28</load_address>
         <run_address>0x11f28</run_address>
         <size>0x68</size>
         <input_file_ref idref="fl-7d"/>
      </object_component>
      <object_component id="oc-4a4">
         <name>.text</name>
         <load_address>0x11f90</load_address>
         <run_address>0x11f90</run_address>
         <size>0x68</size>
         <input_file_ref idref="fl-45"/>
      </object_component>
      <object_component id="oc-596">
         <name>.text:__mspabi_fixdli</name>
         <load_address>0x11ff8</load_address>
         <run_address>0x11ff8</run_address>
         <size>0x66</size>
         <input_file_ref idref="fl-7b"/>
      </object_component>
      <object_component id="oc-662">
         <name>.text:__mpyll</name>
         <load_address>0x1205e</load_address>
         <run_address>0x1205e</run_address>
         <size>0x5c</size>
         <input_file_ref idref="fl-66"/>
      </object_component>
      <object_component id="oc-543">
         <name>.text:__TI_auto_init_nobinit_nopinit_hold_wdt:__TI_auto_init_nobinit_nopinit_hold_wdt</name>
         <load_address>0x120ba</load_address>
         <run_address>0x120ba</run_address>
         <size>0x54</size>
         <input_file_ref idref="fl-68"/>
      </object_component>
      <object_component id="oc-503">
         <name>.text:key_scan</name>
         <load_address>0x1210e</load_address>
         <run_address>0x1210e</run_address>
         <size>0x54</size>
         <input_file_ref idref="fl-9"/>
      </object_component>
      <object_component id="oc-69f">
         <name>.text:PID_Clear</name>
         <load_address>0x12162</load_address>
         <run_address>0x12162</run_address>
         <size>0x4e</size>
         <input_file_ref idref="fl-f"/>
      </object_component>
      <object_component id="oc-402">
         <name>.text:update_encoder_cnt</name>
         <load_address>0x121b0</load_address>
         <run_address>0x121b0</run_address>
         <size>0x4c</size>
         <input_file_ref idref="fl-d"/>
      </object_component>
      <object_component id="oc-5a1">
         <name>.text</name>
         <load_address>0x121fc</load_address>
         <run_address>0x121fc</run_address>
         <size>0x4a</size>
         <input_file_ref idref="fl-3f"/>
      </object_component>
      <object_component id="oc-5dc">
         <name>.text:Init_PID</name>
         <load_address>0x12246</load_address>
         <run_address>0x12246</run_address>
         <size>0x48</size>
         <input_file_ref idref="fl-f"/>
      </object_component>
      <object_component id="oc-742">
         <name>.text:__TI_printfi_minimal:_pproc_str___TI_printfi_minimal</name>
         <load_address>0x1228e</load_address>
         <run_address>0x1228e</run_address>
         <size>0x48</size>
         <input_file_ref idref="fl-8e"/>
      </object_component>
      <object_component id="oc-4f6">
         <name>.text:OLED_Clear</name>
         <load_address>0x122d6</load_address>
         <run_address>0x122d6</run_address>
         <size>0x44</size>
         <input_file_ref idref="fl-14"/>
      </object_component>
      <object_component id="oc-5cd">
         <name>.text:SetVCore</name>
         <load_address>0x1231a</load_address>
         <run_address>0x1231a</run_address>
         <size>0x40</size>
         <input_file_ref idref="fl-4"/>
      </object_component>
      <object_component id="oc-429">
         <name>.text:UART0_Receive_ISR</name>
         <load_address>0x1235a</load_address>
         <run_address>0x1235a</run_address>
         <size>0x40</size>
         <input_file_ref idref="fl-c"/>
      </object_component>
      <object_component id="oc-3f8">
         <name>.text:UART1_Receive_ISR</name>
         <load_address>0x1239a</load_address>
         <run_address>0x1239a</run_address>
         <size>0x40</size>
         <input_file_ref idref="fl-c"/>
      </object_component>
      <object_component id="oc-680">
         <name>.text:__mspabi_srall</name>
         <load_address>0x123da</load_address>
         <run_address>0x123da</run_address>
         <size>0x40</size>
         <input_file_ref idref="fl-6c"/>
      </object_component>
      <object_component id="oc-650">
         <name>.text:l_lsl_const</name>
         <load_address>0x1241a</load_address>
         <run_address>0x1241a</run_address>
         <size>0x3e</size>
         <input_file_ref idref="fl-5d"/>
      </object_component>
      <object_component id="oc-655">
         <name>.text:l_lsr_const</name>
         <load_address>0x12458</load_address>
         <run_address>0x12458</run_address>
         <size>0x3e</size>
         <input_file_ref idref="fl-5e"/>
      </object_component>
      <object_component id="oc-4fd">
         <name>.text:OLED_ShowString</name>
         <load_address>0x12496</load_address>
         <run_address>0x12496</run_address>
         <size>0x3a</size>
         <input_file_ref idref="fl-14"/>
      </object_component>
      <object_component id="oc-65c">
         <name>.text:__mspabi_sllll</name>
         <load_address>0x124d0</load_address>
         <run_address>0x124d0</run_address>
         <size>0x3a</size>
         <input_file_ref idref="fl-6d"/>
      </object_component>
      <object_component id="oc-66c">
         <name>.text:__mspabi_srlll</name>
         <load_address>0x1250a</load_address>
         <run_address>0x1250a</run_address>
         <size>0x3a</size>
         <input_file_ref idref="fl-6e"/>
      </object_component>
      <object_component id="oc-604">
         <name>.text:vsprintf</name>
         <load_address>0x12544</load_address>
         <run_address>0x12544</run_address>
         <size>0x3a</size>
         <input_file_ref idref="fl-35"/>
      </object_component>
      <object_component id="oc-495">
         <name>.text</name>
         <load_address>0x1257e</load_address>
         <run_address>0x1257e</run_address>
         <size>0x36</size>
         <input_file_ref idref="fl-41"/>
      </object_component>
      <object_component id="oc-5c0">
         <name>.text:__mspabi_subd</name>
         <load_address>0x125b4</load_address>
         <run_address>0x125b4</run_address>
         <size>0x32</size>
         <input_file_ref idref="fl-84"/>
      </object_component>
      <object_component id="oc-6ac">
         <name>.text:Write_IIC_Data</name>
         <load_address>0x125e6</load_address>
         <run_address>0x125e6</run_address>
         <size>0x2e</size>
         <input_file_ref idref="fl-14"/>
      </object_component>
      <object_component id="oc-4de">
         <name>.text:bsp_uart0_init</name>
         <load_address>0x12614</load_address>
         <run_address>0x12614</run_address>
         <size>0x2e</size>
         <input_file_ref idref="fl-c"/>
      </object_component>
      <object_component id="oc-4e4">
         <name>.text:bsp_uart1_init</name>
         <load_address>0x12642</load_address>
         <run_address>0x12642</run_address>
         <size>0x2e</size>
         <input_file_ref idref="fl-c"/>
      </object_component>
      <object_component id="oc-6a6">
         <name>.text:Write_IIC_Command</name>
         <load_address>0x12670</load_address>
         <run_address>0x12670</run_address>
         <size>0x2c</size>
         <input_file_ref idref="fl-14"/>
      </object_component>
      <object_component id="oc-667">
         <name>.text:__mpyull</name>
         <load_address>0x1269c</load_address>
         <run_address>0x1269c</run_address>
         <size>0x2c</size>
         <input_file_ref idref="fl-64"/>
      </object_component>
      <object_component id="oc-469">
         <name>.text</name>
         <load_address>0x126c8</load_address>
         <run_address>0x126c8</run_address>
         <size>0x2c</size>
         <input_file_ref idref="fl-3a"/>
      </object_component>
      <object_component id="oc-71b">
         <name>.text:Write_IIC_Byte</name>
         <load_address>0x126f4</load_address>
         <run_address>0x126f4</run_address>
         <size>0x2a</size>
         <input_file_ref idref="fl-14"/>
      </object_component>
      <object_component id="oc-48f">
         <name>.text:__mspabi_fixdi</name>
         <load_address>0x1271e</load_address>
         <run_address>0x1271e</run_address>
         <size>0x28</size>
         <input_file_ref idref="fl-7a"/>
      </object_component>
      <object_component id="oc-40f">
         <name>.text:LED2</name>
         <load_address>0x12746</load_address>
         <run_address>0x12746</run_address>
         <size>0x26</size>
         <input_file_ref idref="fl-a"/>
      </object_component>
      <object_component id="oc-6b3">
         <name>.text:OLED_Set_Pos</name>
         <load_address>0x1276c</load_address>
         <run_address>0x1276c</run_address>
         <size>0x26</size>
         <input_file_ref idref="fl-14"/>
      </object_component>
      <object_component id="oc-770">
         <name>.text:memccpy</name>
         <load_address>0x12792</load_address>
         <run_address>0x12792</run_address>
         <size>0x26</size>
         <input_file_ref idref="fl-9a"/>
      </object_component>
      <object_component id="oc-41c">
         <name>.text:IIC_TX_ISR</name>
         <load_address>0x127b8</load_address>
         <run_address>0x127b8</run_address>
         <size>0x24</size>
         <input_file_ref idref="fl-8"/>
      </object_component>
      <object_component id="oc-3aa">
         <name>.text:decompress:ZI:__TI_zero_init_nomemset:__TI_zero_init_nomemset</name>
         <load_address>0x127dc</load_address>
         <run_address>0x127dc</run_address>
         <size>0x24</size>
         <input_file_ref idref="fl-69"/>
      </object_component>
      <object_component id="oc-518">
         <name>.text:uart1_printf</name>
         <load_address>0x12800</load_address>
         <run_address>0x12800</run_address>
         <size>0x24</size>
         <input_file_ref idref="fl-c"/>
      </object_component>
      <object_component id="oc-6c4">
         <name>.text:_outs</name>
         <load_address>0x12824</load_address>
         <run_address>0x12824</run_address>
         <size>0x20</size>
         <input_file_ref idref="fl-35"/>
      </object_component>
      <object_component id="oc-4d2">
         <name>.text:bsp_key_init</name>
         <load_address>0x12844</load_address>
         <run_address>0x12844</run_address>
         <size>0x1a</size>
         <input_file_ref idref="fl-9"/>
      </object_component>
      <object_component id="oc-4d8">
         <name>.text:bsp_timer_init</name>
         <load_address>0x1285e</load_address>
         <run_address>0x1285e</run_address>
         <size>0x18</size>
         <input_file_ref idref="fl-b"/>
      </object_component>
      <object_component id="oc-5f8">
         <name>.text:oled_pow</name>
         <load_address>0x12876</load_address>
         <run_address>0x12876</run_address>
         <size>0x18</size>
         <input_file_ref idref="fl-14"/>
      </object_component>
      <object_component id="oc-5fe">
         <name>.text</name>
         <load_address>0x1288e</load_address>
         <run_address>0x1288e</run_address>
         <size>0x18</size>
         <input_file_ref idref="fl-60"/>
      </object_component>
      <object_component id="oc-4cc">
         <name>.text:bsp_led_init</name>
         <load_address>0x128a6</load_address>
         <run_address>0x128a6</run_address>
         <size>0x16</size>
         <input_file_ref idref="fl-a"/>
      </object_component>
      <object_component id="oc-763">
         <name>.text:memset</name>
         <load_address>0x128bc</load_address>
         <run_address>0x128bc</run_address>
         <size>0x16</size>
         <input_file_ref idref="fl-8a"/>
      </object_component>
      <object_component id="oc-563">
         <name>.text</name>
         <load_address>0x128d2</load_address>
         <run_address>0x128d2</run_address>
         <size>0x16</size>
         <input_file_ref idref="fl-3b"/>
      </object_component>
      <object_component id="oc-5e3">
         <name>.text:OLED_WR_Byte</name>
         <load_address>0x128e8</load_address>
         <run_address>0x128e8</run_address>
         <size>0x14</size>
         <input_file_ref idref="fl-14"/>
      </object_component>
      <object_component id="oc-60a">
         <name>.text:UART1SendString</name>
         <load_address>0x128fc</load_address>
         <run_address>0x128fc</run_address>
         <size>0x14</size>
         <input_file_ref idref="fl-c"/>
      </object_component>
      <object_component id="oc-6ca">
         <name>.text:_outc</name>
         <load_address>0x12910</load_address>
         <run_address>0x12910</run_address>
         <size>0x14</size>
         <input_file_ref idref="fl-35"/>
      </object_component>
      <object_component id="oc-37a">
         <name>.text:memcpy</name>
         <load_address>0x12924</load_address>
         <run_address>0x12924</run_address>
         <size>0x14</size>
         <input_file_ref idref="fl-89"/>
      </object_component>
      <object_component id="oc-715">
         <name>.text:IIC_Start</name>
         <load_address>0x12938</load_address>
         <run_address>0x12938</run_address>
         <size>0x12</size>
         <input_file_ref idref="fl-14"/>
      </object_component>
      <object_component id="oc-5ba">
         <name>.text:__mspabi_fixdu</name>
         <load_address>0x1294a</load_address>
         <run_address>0x1294a</run_address>
         <size>0x12</size>
         <input_file_ref idref="fl-7c"/>
      </object_component>
      <object_component id="oc-73">
         <name>.text:decompress:none:__TI_decompress_none</name>
         <load_address>0x1295c</load_address>
         <run_address>0x1295c</run_address>
         <size>0x12</size>
         <input_file_ref idref="fl-73"/>
      </object_component>
      <object_component id="oc-50c">
         <name>.text:Car_control</name>
         <load_address>0x1296e</load_address>
         <run_address>0x1296e</run_address>
         <size>0x10</size>
         <input_file_ref idref="fl-d"/>
      </object_component>
      <object_component id="oc-675">
         <name>.text:l_lsr</name>
         <load_address>0x1297e</load_address>
         <run_address>0x1297e</run_address>
         <size>0x10</size>
         <input_file_ref idref="fl-5e"/>
      </object_component>
      <object_component id="oc-727">
         <name>.text:IIC_Stop</name>
         <load_address>0x1298e</load_address>
         <run_address>0x1298e</run_address>
         <size>0xe</size>
         <input_file_ref idref="fl-14"/>
      </object_component>
      <object_component id="oc-736">
         <name>.text:strlen</name>
         <load_address>0x1299c</load_address>
         <run_address>0x1299c</run_address>
         <size>0xe</size>
         <input_file_ref idref="fl-9c"/>
      </object_component>
      <object_component id="oc-422">
         <name>.text:IIC_RX_ISR</name>
         <load_address>0x129aa</load_address>
         <run_address>0x129aa</run_address>
         <size>0xc</size>
         <input_file_ref idref="fl-8"/>
      </object_component>
      <object_component id="oc-483">
         <name>.text:__mspabi_fltid</name>
         <load_address>0x129b6</load_address>
         <run_address>0x129b6</run_address>
         <size>0xc</size>
         <input_file_ref idref="fl-7e"/>
      </object_component>
      <object_component id="oc-721">
         <name>.text:IIC_Wait_Ack</name>
         <load_address>0x129c2</load_address>
         <run_address>0x129c2</run_address>
         <size>0xa</size>
         <input_file_ref idref="fl-14"/>
      </object_component>
      <object_component id="oc-409">
         <name>.text:Update_Tick</name>
         <load_address>0x129cc</load_address>
         <run_address>0x129cc</run_address>
         <size>0xa</size>
         <input_file_ref idref="fl-b"/>
      </object_component>
      <object_component id="oc-5a6">
         <name>.text</name>
         <load_address>0x129d6</load_address>
         <run_address>0x129d6</run_address>
         <size>0xa</size>
         <input_file_ref idref="fl-44"/>
      </object_component>
      <object_component id="oc-51f">
         <name>.text:abort</name>
         <load_address>0x129e0</load_address>
         <run_address>0x129e0</run_address>
         <size>0x6</size>
         <input_file_ref idref="fl-85"/>
      </object_component>
      <object_component id="oc-438">
         <name>.text:_system_pre_init</name>
         <load_address>0x129e6</load_address>
         <run_address>0x129e6</run_address>
         <size>0x4</size>
         <input_file_ref idref="fl-71"/>
      </object_component>
      <object_component id="oc-623">
         <name>.text:_system_post_cinit</name>
         <load_address>0x129ea</load_address>
         <run_address>0x129ea</run_address>
         <size>0x2</size>
         <input_file_ref idref="fl-72"/>
      </object_component>
      <object_component id="oc-398">
         <name>.text:_isr:TIMA1_A1_ISR</name>
         <load_address>0x4400</load_address>
         <run_address>0x4400</run_address>
         <size>0x20</size>
         <input_file_ref idref="fl-e"/>
      </object_component>
      <object_component id="oc-39e">
         <name>.text:_isr:USCI_B0_ISR</name>
         <load_address>0x4420</load_address>
         <run_address>0x4420</run_address>
         <size>0x1e</size>
         <input_file_ref idref="fl-e"/>
      </object_component>
      <object_component id="oc-3bc">
         <name>.text:_isr:_c_int00_noargs</name>
         <load_address>0x443e</load_address>
         <run_address>0x443e</run_address>
         <size>0x1c</size>
         <input_file_ref idref="fl-67"/>
      </object_component>
      <object_component id="oc-3a4">
         <name>.text:_isr:USCI_A0_ISR</name>
         <load_address>0x445a</load_address>
         <run_address>0x445a</run_address>
         <size>0x10</size>
         <input_file_ref idref="fl-e"/>
      </object_component>
      <object_component id="oc-38c">
         <name>.text:_isr:USCI_A1_ISR</name>
         <load_address>0x446a</load_address>
         <run_address>0x446a</run_address>
         <size>0x10</size>
         <input_file_ref idref="fl-e"/>
      </object_component>
      <object_component id="oc-392">
         <name>.text:_isr:Port1_ISR</name>
         <load_address>0x447a</load_address>
         <run_address>0x447a</run_address>
         <size>0xe</size>
         <input_file_ref idref="fl-e"/>
      </object_component>
      <object_component id="oc-387">
         <name>.text:_isr:__TI_ISR_TRAP</name>
         <load_address>0x4488</load_address>
         <run_address>0x4488</run_address>
         <size>0x8</size>
         <input_file_ref idref="fl-5b"/>
      </object_component>
      <object_component id="oc-810">
         <name>.cinit..data.load</name>
         <load_address>0x4d0c</load_address>
         <run_address>0x4d0c</run_address>
         <size>0x23</size>
      </object_component>
      <object_component id="oc-80d">
         <name>__TI_handler_table</name>
         <load_address>0x4d30</load_address>
         <run_address>0x4d30</run_address>
         <size>0xc</size>
      </object_component>
      <object_component id="oc-80f">
         <name>.cinit..bss.load</name>
         <load_address>0x4d3c</load_address>
         <run_address>0x4d3c</run_address>
         <size>0x6</size>
      </object_component>
      <object_component id="oc-80e">
         <name>__TI_cinit_table</name>
         <load_address>0x4d42</load_address>
         <run_address>0x4d42</run_address>
         <size>0x10</size>
      </object_component>
      <object_component id="oc-6bc">
         <name>.const:.string:F8X16</name>
         <load_address>0x4490</load_address>
         <run_address>0x4490</run_address>
         <size>0x5f0</size>
         <input_file_ref idref="fl-14"/>
      </object_component>
      <object_component id="oc-6b9">
         <name>.const:F6x8</name>
         <load_address>0x4a80</load_address>
         <run_address>0x4a80</run_address>
         <size>0x228</size>
         <input_file_ref idref="fl-14"/>
      </object_component>
      <object_component id="oc-4fc">
         <name>.const:.string</name>
         <load_address>0x4ca8</load_address>
         <run_address>0x4ca8</run_address>
         <size>0x3e</size>
         <input_file_ref idref="fl-e"/>
      </object_component>
      <object_component id="oc-769">
         <name>.const:.string</name>
         <load_address>0x4ce6</load_address>
         <run_address>0x4ce6</run_address>
         <size>0x26</size>
         <input_file_ref idref="fl-8e"/>
      </object_component>
      <object_component id="oc-79f">
         <name>.binit</name>
         <load_address>0x4400</load_address>
         <run_address>0x4400</run_address>
         <size>0x0</size>
      </object_component>
      <object_component id="oc-79">
         <name>.int41</name>
         <load_address>0xffd2</load_address>
         <run_address>0xffd2</run_address>
         <size>0x2</size>
         <input_file_ref idref="fl-4a"/>
      </object_component>
      <object_component id="oc-7a">
         <name>.int42</name>
         <load_address>0xffd4</load_address>
         <run_address>0xffd4</run_address>
         <size>0x2</size>
         <input_file_ref idref="fl-4b"/>
      </object_component>
      <object_component id="oc-7b">
         <name>.int43</name>
         <load_address>0xffd6</load_address>
         <run_address>0xffd6</run_address>
         <size>0x2</size>
         <input_file_ref idref="fl-4c"/>
      </object_component>
      <object_component id="oc-7c">
         <name>.int44</name>
         <load_address>0xffd8</load_address>
         <run_address>0xffd8</run_address>
         <size>0x2</size>
         <input_file_ref idref="fl-4d"/>
      </object_component>
      <object_component id="oc-7d">
         <name>.int45</name>
         <load_address>0xffda</load_address>
         <run_address>0xffda</run_address>
         <size>0x2</size>
         <input_file_ref idref="fl-4e"/>
      </object_component>
      <object_component id="oc-7e">
         <name>.int46</name>
         <load_address>0xffdc</load_address>
         <run_address>0xffdc</run_address>
         <size>0x2</size>
         <input_file_ref idref="fl-e"/>
      </object_component>
      <object_component id="oc-7f">
         <name>.int47</name>
         <load_address>0xffde</load_address>
         <run_address>0xffde</run_address>
         <size>0x2</size>
         <input_file_ref idref="fl-e"/>
      </object_component>
      <object_component id="oc-80">
         <name>.int48</name>
         <load_address>0xffe0</load_address>
         <run_address>0xffe0</run_address>
         <size>0x2</size>
         <input_file_ref idref="fl-e"/>
      </object_component>
      <object_component id="oc-81">
         <name>.int49</name>
         <load_address>0xffe2</load_address>
         <run_address>0xffe2</run_address>
         <size>0x2</size>
         <input_file_ref idref="fl-4f"/>
      </object_component>
      <object_component id="oc-82">
         <name>.int50</name>
         <load_address>0xffe4</load_address>
         <run_address>0xffe4</run_address>
         <size>0x2</size>
         <input_file_ref idref="fl-50"/>
      </object_component>
      <object_component id="oc-83">
         <name>.int51</name>
         <load_address>0xffe6</load_address>
         <run_address>0xffe6</run_address>
         <size>0x2</size>
         <input_file_ref idref="fl-51"/>
      </object_component>
      <object_component id="oc-84">
         <name>.int52</name>
         <load_address>0xffe8</load_address>
         <run_address>0xffe8</run_address>
         <size>0x2</size>
         <input_file_ref idref="fl-52"/>
      </object_component>
      <object_component id="oc-85">
         <name>.int53</name>
         <load_address>0xffea</load_address>
         <run_address>0xffea</run_address>
         <size>0x2</size>
         <input_file_ref idref="fl-53"/>
      </object_component>
      <object_component id="oc-86">
         <name>.int54</name>
         <load_address>0xffec</load_address>
         <run_address>0xffec</run_address>
         <size>0x2</size>
         <input_file_ref idref="fl-54"/>
      </object_component>
      <object_component id="oc-87">
         <name>.int55</name>
         <load_address>0xffee</load_address>
         <run_address>0xffee</run_address>
         <size>0x2</size>
         <input_file_ref idref="fl-e"/>
      </object_component>
      <object_component id="oc-88">
         <name>.int56</name>
         <load_address>0xfff0</load_address>
         <run_address>0xfff0</run_address>
         <size>0x2</size>
         <input_file_ref idref="fl-e"/>
      </object_component>
      <object_component id="oc-89">
         <name>.int57</name>
         <load_address>0xfff2</load_address>
         <run_address>0xfff2</run_address>
         <size>0x2</size>
         <input_file_ref idref="fl-55"/>
      </object_component>
      <object_component id="oc-8a">
         <name>.int58</name>
         <load_address>0xfff4</load_address>
         <run_address>0xfff4</run_address>
         <size>0x2</size>
         <input_file_ref idref="fl-56"/>
      </object_component>
      <object_component id="oc-8b">
         <name>.int59</name>
         <load_address>0xfff6</load_address>
         <run_address>0xfff6</run_address>
         <size>0x2</size>
         <input_file_ref idref="fl-57"/>
      </object_component>
      <object_component id="oc-8c">
         <name>.int60</name>
         <load_address>0xfff8</load_address>
         <run_address>0xfff8</run_address>
         <size>0x2</size>
         <input_file_ref idref="fl-58"/>
      </object_component>
      <object_component id="oc-8d">
         <name>.int61</name>
         <load_address>0xfffa</load_address>
         <run_address>0xfffa</run_address>
         <size>0x2</size>
         <input_file_ref idref="fl-59"/>
      </object_component>
      <object_component id="oc-8e">
         <name>.int62</name>
         <load_address>0xfffc</load_address>
         <run_address>0xfffc</run_address>
         <size>0x2</size>
         <input_file_ref idref="fl-5a"/>
      </object_component>
      <object_component id="oc-36e">
         <name>.reset</name>
         <load_address>0xfffe</load_address>
         <run_address>0xfffe</run_address>
         <size>0x2</size>
         <input_file_ref idref="fl-67"/>
      </object_component>
      <object_component id="oc-64c">
         <name>.debug_info</name>
         <load_address>0x0</load_address>
         <run_address>0x0</run_address>
         <size>0x179</size>
         <input_file_ref idref="fl-2"/>
      </object_component>
      <object_component id="oc-575">
         <name>.debug_info</name>
         <load_address>0x179</load_address>
         <run_address>0x179</run_address>
         <size>0x26b</size>
         <input_file_ref idref="fl-2"/>
      </object_component>
      <object_component id="oc-375">
         <name>.debug_info</name>
         <load_address>0x3e4</load_address>
         <run_address>0x3e4</run_address>
         <size>0x84</size>
         <input_file_ref idref="fl-2"/>
      </object_component>
      <object_component id="oc-569">
         <name>.debug_info</name>
         <load_address>0x468</load_address>
         <run_address>0x468</run_address>
         <size>0x282</size>
         <input_file_ref idref="fl-2"/>
      </object_component>
      <object_component id="oc-46f">
         <name>.debug_info</name>
         <load_address>0x6ea</load_address>
         <run_address>0x6ea</run_address>
         <size>0xbb</size>
         <input_file_ref idref="fl-2"/>
      </object_component>
      <object_component id="oc-697">
         <name>.debug_info</name>
         <load_address>0x7a5</load_address>
         <run_address>0x7a5</run_address>
         <size>0x19e</size>
         <input_file_ref idref="fl-4"/>
      </object_component>
      <object_component id="oc-691">
         <name>.debug_info</name>
         <load_address>0x943</load_address>
         <run_address>0x943</run_address>
         <size>0x19a</size>
         <input_file_ref idref="fl-4"/>
      </object_component>
      <object_component id="oc-5ce">
         <name>.debug_info</name>
         <load_address>0xadd</load_address>
         <run_address>0xadd</run_address>
         <size>0x179</size>
         <input_file_ref idref="fl-4"/>
      </object_component>
      <object_component id="oc-64d">
         <name>.debug_info</name>
         <load_address>0xc56</load_address>
         <run_address>0xc56</run_address>
         <size>0x2b5</size>
         <input_file_ref idref="fl-7"/>
      </object_component>
      <object_component id="oc-4c7">
         <name>.debug_info</name>
         <load_address>0xf0b</load_address>
         <run_address>0xf0b</run_address>
         <size>0x115</size>
         <input_file_ref idref="fl-7"/>
      </object_component>
      <object_component id="oc-646">
         <name>.debug_info</name>
         <load_address>0x1020</load_address>
         <run_address>0x1020</run_address>
         <size>0x2c</size>
         <input_file_ref idref="fl-7"/>
      </object_component>
      <object_component id="oc-57a">
         <name>.debug_info</name>
         <load_address>0x104c</load_address>
         <run_address>0x104c</run_address>
         <size>0x35</size>
         <input_file_ref idref="fl-7"/>
      </object_component>
      <object_component id="oc-4ba">
         <name>.debug_info</name>
         <load_address>0x1081</load_address>
         <run_address>0x1081</run_address>
         <size>0x366</size>
         <input_file_ref idref="fl-8"/>
      </object_component>
      <object_component id="oc-4b7">
         <name>.debug_info</name>
         <load_address>0x13e7</load_address>
         <run_address>0x13e7</run_address>
         <size>0xc5</size>
         <input_file_ref idref="fl-8"/>
      </object_component>
      <object_component id="oc-41d">
         <name>.debug_info</name>
         <load_address>0x14ac</load_address>
         <run_address>0x14ac</run_address>
         <size>0xfd</size>
         <input_file_ref idref="fl-8"/>
      </object_component>
      <object_component id="oc-423">
         <name>.debug_info</name>
         <load_address>0x15a9</load_address>
         <run_address>0x15a9</run_address>
         <size>0xfd</size>
         <input_file_ref idref="fl-8"/>
      </object_component>
      <object_component id="oc-507">
         <name>.debug_info</name>
         <load_address>0x16a6</load_address>
         <run_address>0x16a6</run_address>
         <size>0x13a</size>
         <input_file_ref idref="fl-9"/>
      </object_component>
      <object_component id="oc-4d6">
         <name>.debug_info</name>
         <load_address>0x17e0</load_address>
         <run_address>0x17e0</run_address>
         <size>0x101</size>
         <input_file_ref idref="fl-9"/>
      </object_component>
      <object_component id="oc-4cd">
         <name>.debug_info</name>
         <load_address>0x18e1</load_address>
         <run_address>0x18e1</run_address>
         <size>0x101</size>
         <input_file_ref idref="fl-a"/>
      </object_component>
      <object_component id="oc-410">
         <name>.debug_info</name>
         <load_address>0x19e2</load_address>
         <run_address>0x19e2</run_address>
         <size>0x113</size>
         <input_file_ref idref="fl-a"/>
      </object_component>
      <object_component id="oc-581">
         <name>.debug_info</name>
         <load_address>0x1af5</load_address>
         <run_address>0x1af5</run_address>
         <size>0x1b0</size>
         <input_file_ref idref="fl-b"/>
      </object_component>
      <object_component id="oc-47f">
         <name>.debug_info</name>
         <load_address>0x1ca5</load_address>
         <run_address>0x1ca5</run_address>
         <size>0xc5</size>
         <input_file_ref idref="fl-b"/>
      </object_component>
      <object_component id="oc-4d9">
         <name>.debug_info</name>
         <load_address>0x1d6a</load_address>
         <run_address>0x1d6a</run_address>
         <size>0x10b</size>
         <input_file_ref idref="fl-b"/>
      </object_component>
      <object_component id="oc-40a">
         <name>.debug_info</name>
         <load_address>0x1e75</load_address>
         <run_address>0x1e75</run_address>
         <size>0x105</size>
         <input_file_ref idref="fl-b"/>
      </object_component>
      <object_component id="oc-562">
         <name>.debug_info</name>
         <load_address>0x1f7a</load_address>
         <run_address>0x1f7a</run_address>
         <size>0x3e6</size>
         <input_file_ref idref="fl-c"/>
      </object_component>
      <object_component id="oc-4c0">
         <name>.debug_info</name>
         <load_address>0x2360</load_address>
         <run_address>0x2360</run_address>
         <size>0xc0</size>
         <input_file_ref idref="fl-c"/>
      </object_component>
      <object_component id="oc-467">
         <name>.debug_info</name>
         <load_address>0x2420</load_address>
         <run_address>0x2420</run_address>
         <size>0xc0</size>
         <input_file_ref idref="fl-c"/>
      </object_component>
      <object_component id="oc-464">
         <name>.debug_info</name>
         <load_address>0x24e0</load_address>
         <run_address>0x24e0</run_address>
         <size>0xe7</size>
         <input_file_ref idref="fl-c"/>
      </object_component>
      <object_component id="oc-60c">
         <name>.debug_info</name>
         <load_address>0x25c7</load_address>
         <run_address>0x25c7</run_address>
         <size>0x130</size>
         <input_file_ref idref="fl-c"/>
      </object_component>
      <object_component id="oc-51a">
         <name>.debug_info</name>
         <load_address>0x26f7</load_address>
         <run_address>0x26f7</run_address>
         <size>0x150</size>
         <input_file_ref idref="fl-c"/>
      </object_component>
      <object_component id="oc-4e7">
         <name>.debug_info</name>
         <load_address>0x2847</load_address>
         <run_address>0x2847</run_address>
         <size>0x108</size>
         <input_file_ref idref="fl-c"/>
      </object_component>
      <object_component id="oc-4e1">
         <name>.debug_info</name>
         <load_address>0x294f</load_address>
         <run_address>0x294f</run_address>
         <size>0x108</size>
         <input_file_ref idref="fl-c"/>
      </object_component>
      <object_component id="oc-3fb">
         <name>.debug_info</name>
         <load_address>0x2a57</load_address>
         <run_address>0x2a57</run_address>
         <size>0x137</size>
         <input_file_ref idref="fl-c"/>
      </object_component>
      <object_component id="oc-42b">
         <name>.debug_info</name>
         <load_address>0x2b8e</load_address>
         <run_address>0x2b8e</run_address>
         <size>0x137</size>
         <input_file_ref idref="fl-c"/>
      </object_component>
      <object_component id="oc-47c">
         <name>.debug_info</name>
         <load_address>0x2cc5</load_address>
         <run_address>0x2cc5</run_address>
         <size>0x4db</size>
         <input_file_ref idref="fl-d"/>
      </object_component>
      <object_component id="oc-5da">
         <name>.debug_info</name>
         <load_address>0x31a0</load_address>
         <run_address>0x31a0</run_address>
         <size>0xd1</size>
         <input_file_ref idref="fl-d"/>
      </object_component>
      <object_component id="oc-404">
         <name>.debug_info</name>
         <load_address>0x3271</load_address>
         <run_address>0x3271</run_address>
         <size>0x12b</size>
         <input_file_ref idref="fl-d"/>
      </object_component>
      <object_component id="oc-5b0">
         <name>.debug_info</name>
         <load_address>0x339c</load_address>
         <run_address>0x339c</run_address>
         <size>0x143</size>
         <input_file_ref idref="fl-d"/>
      </object_component>
      <object_component id="oc-4b0">
         <name>.debug_info</name>
         <load_address>0x34df</load_address>
         <run_address>0x34df</run_address>
         <size>0x3ff</size>
         <input_file_ref idref="fl-d"/>
      </object_component>
      <object_component id="oc-50d">
         <name>.debug_info</name>
         <load_address>0x38de</load_address>
         <run_address>0x38de</run_address>
         <size>0x14c</size>
         <input_file_ref idref="fl-d"/>
      </object_component>
      <object_component id="oc-4ec">
         <name>.debug_info</name>
         <load_address>0x3a2a</load_address>
         <run_address>0x3a2a</run_address>
         <size>0x14f</size>
         <input_file_ref idref="fl-d"/>
      </object_component>
      <object_component id="oc-417">
         <name>.debug_info</name>
         <load_address>0x3b79</load_address>
         <run_address>0x3b79</run_address>
         <size>0x407</size>
         <input_file_ref idref="fl-d"/>
      </object_component>
      <object_component id="oc-570">
         <name>.debug_info</name>
         <load_address>0x3f80</load_address>
         <run_address>0x3f80</run_address>
         <size>0x129</size>
         <input_file_ref idref="fl-d"/>
      </object_component>
      <object_component id="oc-476">
         <name>.debug_info</name>
         <load_address>0x40a9</load_address>
         <run_address>0x40a9</run_address>
         <size>0xc8</size>
         <input_file_ref idref="fl-d"/>
      </object_component>
      <object_component id="oc-400">
         <name>.debug_info</name>
         <load_address>0x4171</load_address>
         <run_address>0x4171</run_address>
         <size>0xc4</size>
         <input_file_ref idref="fl-e"/>
      </object_component>
      <object_component id="oc-50a">
         <name>.debug_info</name>
         <load_address>0x4235</load_address>
         <run_address>0x4235</run_address>
         <size>0xcd</size>
         <input_file_ref idref="fl-e"/>
      </object_component>
      <object_component id="oc-440">
         <name>.debug_info</name>
         <load_address>0x4302</load_address>
         <run_address>0x4302</run_address>
         <size>0x2ea</size>
         <input_file_ref idref="fl-e"/>
      </object_component>
      <object_component id="oc-3a0">
         <name>.debug_info</name>
         <load_address>0x45ec</load_address>
         <run_address>0x45ec</run_address>
         <size>0x119</size>
         <input_file_ref idref="fl-e"/>
      </object_component>
      <object_component id="oc-38e">
         <name>.debug_info</name>
         <load_address>0x4705</load_address>
         <run_address>0x4705</run_address>
         <size>0x10f</size>
         <input_file_ref idref="fl-e"/>
      </object_component>
      <object_component id="oc-3a5">
         <name>.debug_info</name>
         <load_address>0x4814</load_address>
         <run_address>0x4814</run_address>
         <size>0x10f</size>
         <input_file_ref idref="fl-e"/>
      </object_component>
      <object_component id="oc-399">
         <name>.debug_info</name>
         <load_address>0x4923</load_address>
         <run_address>0x4923</run_address>
         <size>0x12d</size>
         <input_file_ref idref="fl-e"/>
      </object_component>
      <object_component id="oc-393">
         <name>.debug_info</name>
         <load_address>0x4a50</load_address>
         <run_address>0x4a50</run_address>
         <size>0x10c</size>
         <input_file_ref idref="fl-e"/>
      </object_component>
      <object_component id="oc-5ac">
         <name>.debug_info</name>
         <load_address>0x4b5c</load_address>
         <run_address>0x4b5c</run_address>
         <size>0x177</size>
         <input_file_ref idref="fl-f"/>
      </object_component>
      <object_component id="oc-6a2">
         <name>.debug_info</name>
[...]
         <name>TIMA1_A1_ISR</name>
         <value>0x4400</value>
         <object_component_ref idref="oc-398"/>
      </symbol>
      <symbol id="sm-503">
         <name>car_control</name>
         <value>0x2400</value>
         <object_component_ref idref="oc-3ff"/>
      </symbol>
      <symbol id="sm-504">
         <name>Port1_ISR</name>
         <value>0x447a</value>
         <object_component_ref idref="oc-392"/>
      </symbol>
      <symbol id="sm-505">
         <name>__TI_int48</name>
         <value>0xffe0</value>
         <object_component_ref idref="oc-80"/>
      </symbol>
      <symbol id="sm-506">
         <name>__TI_int46</name>
         <value>0xffdc</value>
         <object_component_ref idref="oc-7e"/>
      </symbol>
      <symbol id="sm-507">
         <name>__TI_int47</name>
         <value>0xffde</value>
         <object_component_ref idref="oc-7f"/>
      </symbol>
      <symbol id="sm-508">
         <name>__TI_int56</name>
         <value>0xfff0</value>
         <object_component_ref idref="oc-88"/>
      </symbol>
      <symbol id="sm-509">
         <name>__TI_int55</name>
         <value>0xffee</value>
         <object_component_ref idref="oc-87"/>
      </symbol>
      <symbol id="sm-50a">
         <name>vel</name>
         <value>0x24e2</value>
         <object_component_ref idref="oc-509"/>
      </symbol>
      <symbol id="sm-50b">
         <name>USCI_A0_ISR</name>
         <value>0x445a</value>
         <object_component_ref idref="oc-3a4"/>
      </symbol>
      <symbol id="sm-50c">
         <name>USCI_B0_ISR</name>
         <value>0x4420</value>
         <object_component_ref idref="oc-39e"/>
      </symbol>
      <symbol id="sm-50d">
         <name>USCI_A1_ISR</name>
         <value>0x446a</value>
         <object_component_ref idref="oc-38c"/>
      </symbol>
      <symbol id="sm-50e">
         <name>main</name>
         <value>0x110aa</value>
         <object_component_ref idref="oc-43e"/>
      </symbol>
      <symbol id="sm-50f">
         <name>flag</name>
         <value>0x24e0</value>
         <object_component_ref idref="oc-509"/>
      </symbol>
      <symbol id="sm-537">
         <name>PID_Clear</name>
         <value>0x12162</value>
         <object_component_ref idref="oc-69f"/>
      </symbol>
      <symbol id="sm-538">
         <name>Init_PID</name>
         <value>0x12246</value>
         <object_component_ref idref="oc-5dc"/>
      </symbol>
      <symbol id="sm-539">
         <name>PID_Calc</name>
         <value>0x109bc</value>
         <object_component_ref idref="oc-4a9"/>
      </symbol>
      <symbol id="sm-5c9">
         <name>IIC_Stop</name>
         <value>0x1298e</value>
         <object_component_ref idref="oc-727"/>
      </symbol>
      <symbol id="sm-5ca">
         <name>Write_IIC_Data</name>
         <value>0x125e6</value>
         <object_component_ref idref="oc-6ac"/>
      </symbol>
      <symbol id="sm-5cb">
         <name>OLED_ShowNum</name>
         <value>0x11d54</value>
         <object_component_ref idref="oc-512"/>
      </symbol>
      <symbol id="sm-5cc">
         <name>Write_IIC_Command</name>
         <value>0x12670</value>
         <object_component_ref idref="oc-6a6"/>
      </symbol>
      <symbol id="sm-5cd">
         <name>OLED_WR_Byte</name>
         <value>0x128e8</value>
         <object_component_ref idref="oc-5e3"/>
      </symbol>
      <symbol id="sm-5ce">
         <name>OLED_Init</name>
         <value>0x11750</value>
         <object_component_ref idref="oc-4f0"/>
      </symbol>
      <symbol id="sm-5cf">
         <name>F8X16</name>
         <value>0x4490</value>
         <object_component_ref idref="oc-6bc"/>
      </symbol>
      <symbol id="sm-5d0">
         <name>OLED_ShowString</name>
         <value>0x12496</value>
         <object_component_ref idref="oc-4fd"/>
      </symbol>
      <symbol id="sm-5d1">
         <name>OLED_ShowChar</name>
         <value>0x11b70</value>
         <object_component_ref idref="oc-5eb"/>
      </symbol>
      <symbol id="sm-5d2">
         <name>Write_IIC_Byte</name>
         <value>0x126f4</value>
         <object_component_ref idref="oc-71b"/>
      </symbol>
      <symbol id="sm-5d3">
         <name>OLED_Clear</name>
         <value>0x122d6</value>
         <object_component_ref idref="oc-4f6"/>
      </symbol>
      <symbol id="sm-5d4">
         <name>oled_pow</name>
         <value>0x12876</value>
         <object_component_ref idref="oc-5f8"/>
      </symbol>
      <symbol id="sm-5d5">
         <name>IIC_Start</name>
         <value>0x12938</value>
         <object_component_ref idref="oc-715"/>
      </symbol>
      <symbol id="sm-5d6">
         <name>F6x8</name>
         <value>0x4a80</value>
         <object_component_ref idref="oc-6b9"/>
      </symbol>
      <symbol id="sm-5d7">
         <name>IIC_Wait_Ack</name>
         <value>0x129c2</value>
         <object_component_ref idref="oc-721"/>
      </symbol>
      <symbol id="sm-5d8">
         <name>OLED_Set_Pos</name>
         <value>0x1276c</value>
         <object_component_ref idref="oc-6b3"/>
      </symbol>
      <symbol id="sm-5f9">
         <name>vsprintf</name>
         <value>0x12544</value>
         <object_component_ref idref="oc-604"/>
      </symbol>
      <symbol id="sm-609">
         <name>__mspabi_remi</name>
         <value>0x126c8</value>
         <object_component_ref idref="oc-469"/>
      </symbol>
      <symbol id="sm-60a">
         <name>__mspabi_divi</name>
         <value>0x126c8</value>
         <object_component_ref idref="oc-469"/>
      </symbol>
      <symbol id="sm-614">
         <name>__mspabi_remu</name>
         <value>0x128d2</value>
         <object_component_ref idref="oc-563"/>
      </symbol>
      <symbol id="sm-615">
         <name>__mspabi_divu</name>
         <value>0x128d2</value>
         <object_component_ref idref="oc-563"/>
      </symbol>
      <symbol id="sm-632">
         <name>__mspabi_subf</name>
         <value>0x11522</value>
         <object_component_ref idref="oc-49f"/>
      </symbol>
      <symbol id="sm-633">
         <name>__mspabi_addf</name>
         <value>0x11528</value>
         <object_component_ref idref="oc-49f"/>
      </symbol>
      <symbol id="sm-643">
         <name>__mspabi_cmpf</name>
         <value>0x121fc</value>
         <object_component_ref idref="oc-5a1"/>
      </symbol>
      <symbol id="sm-651">
         <name>__mspabi_fltif</name>
         <value>0x1257e</value>
         <object_component_ref idref="oc-495"/>
      </symbol>
      <symbol id="sm-669">
         <name>__mspabi_mpyf</name>
         <value>0x11ab8</value>
         <object_component_ref idref="oc-49a"/>
      </symbol>
      <symbol id="sm-672">
         <name>__mspabi_negf</name>
         <value>0x129d6</value>
         <object_component_ref idref="oc-5a6"/>
      </symbol>
      <symbol id="sm-684">
         <name>__mspabi_fixfi</name>
         <value>0x11f90</value>
         <object_component_ref idref="oc-4a4"/>
      </symbol>
      <symbol id="sm-68b">
         <name>__TI_int41</name>
         <value>0xffd2</value>
         <object_component_ref idref="oc-79"/>
      </symbol>
      <symbol id="sm-68e">
         <name>__TI_int42</name>
         <value>0xffd4</value>
         <object_component_ref idref="oc-7a"/>
      </symbol>
      <symbol id="sm-691">
         <name>__TI_int43</name>
         <value>0xffd6</value>
         <object_component_ref idref="oc-7b"/>
      </symbol>
      <symbol id="sm-694">
         <name>__TI_int44</name>
         <value>0xffd8</value>
         <object_component_ref idref="oc-7c"/>
      </symbol>
      <symbol id="sm-697">
         <name>__TI_int45</name>
         <value>0xffda</value>
         <object_component_ref idref="oc-7d"/>
      </symbol>
      <symbol id="sm-69a">
         <name>__TI_int49</name>
         <value>0xffe2</value>
         <object_component_ref idref="oc-81"/>
      </symbol>
      <symbol id="sm-69d">
         <name>__TI_int50</name>
         <value>0xffe4</value>
         <object_component_ref idref="oc-82"/>
      </symbol>
      <symbol id="sm-6a0">
         <name>__TI_int51</name>
         <value>0xffe6</value>
         <object_component_ref idref="oc-83"/>
      </symbol>
      <symbol id="sm-6a3">
         <name>__TI_int52</name>
         <value>0xffe8</value>
         <object_component_ref idref="oc-84"/>
      </symbol>
      <symbol id="sm-6a6">
         <name>__TI_int53</name>
         <value>0xffea</value>
         <object_component_ref idref="oc-85"/>
      </symbol>
      <symbol id="sm-6a9">
         <name>__TI_int54</name>
         <value>0xffec</value>
         <object_component_ref idref="oc-86"/>
      </symbol>
      <symbol id="sm-6ac">
         <name>__TI_int57</name>
         <value>0xfff2</value>
         <object_component_ref idref="oc-89"/>
      </symbol>
      <symbol id="sm-6af">
         <name>__TI_int58</name>
         <value>0xfff4</value>
         <object_component_ref idref="oc-8a"/>
      </symbol>
      <symbol id="sm-6b2">
         <name>__TI_int59</name>
         <value>0xfff6</value>
         <object_component_ref idref="oc-8b"/>
      </symbol>
      <symbol id="sm-6b5">
         <name>__TI_int60</name>
         <value>0xfff8</value>
         <object_component_ref idref="oc-8c"/>
      </symbol>
      <symbol id="sm-6b8">
         <name>__TI_int61</name>
         <value>0xfffa</value>
         <object_component_ref idref="oc-8d"/>
      </symbol>
      <symbol id="sm-6bb">
         <name>__TI_int62</name>
         <value>0xfffc</value>
         <object_component_ref idref="oc-8e"/>
      </symbol>
      <symbol id="sm-6c3">
         <name>__TI_ISR_TRAP</name>
         <value>0x4488</value>
         <object_component_ref idref="oc-387"/>
      </symbol>
      <symbol id="sm-6cc">
         <name>__mspabi_slll_9</name>
         <value>0x12432</value>
         <object_component_ref idref="oc-650"/>
      </symbol>
      <symbol id="sm-6cd">
         <name>__mspabi_slll_8</name>
         <value>0x12436</value>
         <object_component_ref idref="oc-650"/>
      </symbol>
      <symbol id="sm-6ce">
         <name>__mspabi_slll_7</name>
         <value>0x1243a</value>
         <object_component_ref idref="oc-650"/>
      </symbol>
      <symbol id="sm-6cf">
         <name>__mspabi_slll_6</name>
         <value>0x1243e</value>
         <object_component_ref idref="oc-650"/>
      </symbol>
      <symbol id="sm-6d0">
         <name>__mspabi_slll_5</name>
         <value>0x12442</value>
         <object_component_ref idref="oc-650"/>
      </symbol>
      <symbol id="sm-6d1">
         <name>__mspabi_slll_4</name>
         <value>0x12446</value>
         <object_component_ref idref="oc-650"/>
      </symbol>
      <symbol id="sm-6d2">
         <name>__mspabi_slll_3</name>
         <value>0x1244a</value>
         <object_component_ref idref="oc-650"/>
      </symbol>
      <symbol id="sm-6d3">
         <name>__mspabi_slll_2</name>
         <value>0x1244e</value>
         <object_component_ref idref="oc-650"/>
      </symbol>
      <symbol id="sm-6d4">
         <name>__mspabi_slll_1</name>
         <value>0x12452</value>
         <object_component_ref idref="oc-650"/>
      </symbol>
      <symbol id="sm-6d5">
         <name>__mspabi_slll_15</name>
         <value>0x1241a</value>
         <object_component_ref idref="oc-650"/>
      </symbol>
      <symbol id="sm-6d6">
         <name>__mspabi_slll_14</name>
         <value>0x1241e</value>
         <object_component_ref idref="oc-650"/>
      </symbol>
      <symbol id="sm-6d7">
         <name>__mspabi_slll_13</name>
         <value>0x12422</value>
         <object_component_ref idref="oc-650"/>
      </symbol>
      <symbol id="sm-6d8">
         <name>__mspabi_slll_12</name>
         <value>0x12426</value>
         <object_component_ref idref="oc-650"/>
      </symbol>
      <symbol id="sm-6d9">
         <name>__mspabi_slll_11</name>
         <value>0x1242a</value>
         <object_component_ref idref="oc-650"/>
      </symbol>
      <symbol id="sm-6da">
         <name>__mspabi_slll_10</name>
         <value>0x1242e</value>
         <object_component_ref idref="oc-650"/>
      </symbol>
      <symbol id="sm-6ea">
         <name>__mspabi_srll_8</name>
         <value>0x12474</value>
         <object_component_ref idref="oc-655"/>
      </symbol>
      <symbol id="sm-6eb">
         <name>__mspabi_srll_9</name>
         <value>0x12470</value>
         <object_component_ref idref="oc-655"/>
      </symbol>
      <symbol id="sm-6ec">
         <name>__mspabi_srll_6</name>
         <value>0x1247c</value>
         <object_component_ref idref="oc-655"/>
      </symbol>
      <symbol id="sm-6ed">
         <name>__mspabi_srll_7</name>
         <value>0x12478</value>
         <object_component_ref idref="oc-655"/>
      </symbol>
      <symbol id="sm-6ee">
         <name>__mspabi_srll_4</name>
         <value>0x12484</value>
         <object_component_ref idref="oc-655"/>
      </symbol>
      <symbol id="sm-6ef">
         <name>__mspabi_srll_5</name>
         <value>0x12480</value>
         <object_component_ref idref="oc-655"/>
      </symbol>
      <symbol id="sm-6f0">
         <name>__mspabi_srll_2</name>
         <value>0x1248c</value>
         <object_component_ref idref="oc-655"/>
      </symbol>
      <symbol id="sm-6f1">
         <name>__mspabi_srll_3</name>
         <value>0x12488</value>
         <object_component_ref idref="oc-655"/>
      </symbol>
      <symbol id="sm-6f2">
         <name>__mspabi_srll_1</name>
         <value>0x12490</value>
         <object_component_ref idref="oc-655"/>
      </symbol>
      <symbol id="sm-6f3">
         <name>__mspabi_srll_15</name>
         <value>0x12458</value>
         <object_component_ref idref="oc-655"/>
      </symbol>
      <symbol id="sm-6f4">
         <name>__mspabi_srll_14</name>
         <value>0x1245c</value>
         <object_component_ref idref="oc-655"/>
      </symbol>
      <symbol id="sm-6f5">
         <name>__mspabi_srll_13</name>
         <value>0x12460</value>
         <object_component_ref idref="oc-655"/>
      </symbol>
      <symbol id="sm-6f6">
         <name>__mspabi_srll_12</name>
         <value>0x12464</value>
         <object_component_ref idref="oc-655"/>
      </symbol>
      <symbol id="sm-6f7">
         <name>__mspabi_srll_11</name>
         <value>0x12468</value>
         <object_component_ref idref="oc-655"/>
      </symbol>
      <symbol id="sm-6f8">
         <name>__mspabi_srll_10</name>
         <value>0x1246c</value>
         <object_component_ref idref="oc-655"/>
      </symbol>
      <symbol id="sm-6f9">
         <name>__mspabi_srll</name>
         <value>0x1297e</value>
         <object_component_ref idref="oc-675"/>
      </symbol>
      <symbol id="sm-702">
         <name>__mspabi_mpyi_f5hw</name>
         <value>0x1288e</value>
         <object_component_ref idref="oc-5fe"/>
      </symbol>
      <symbol id="sm-70d">
         <name>__mspabi_mpyull_f5hw</name>
         <value>0x1269c</value>
         <object_component_ref idref="oc-667"/>
      </symbol>
      <symbol id="sm-716">
         <name>__mspabi_mpyll_f5hw</name>
         <value>0x1205e</value>
         <object_component_ref idref="oc-662"/>
      </symbol>
      <symbol id="sm-726">
         <name>_stack</name>
         <value>0x4360</value>
         <object_component_ref idref="oc-36b"/>
      </symbol>
      <symbol id="sm-727">
         <name>_c_int00_noargs</name>
         <value>0x443e</value>
         <object_component_ref idref="oc-3bc"/>
      </symbol>
      <symbol id="sm-728">
         <name>_reset_vector</name>
         <value>0xfffe</value>
         <object_component_ref idref="oc-36e"/>
      </symbol>
      <symbol id="sm-74b">
         <name>__TI_auto_init_nobinit_nopinit_hold_wdt</name>
         <value>0x120ba</value>
         <object_component_ref idref="oc-543"/>
      </symbol>
      <symbol id="sm-75e">
         <name>__TI_zero_init_nomemset</name>
         <value>0x127dc</value>
         <object_component_ref idref="oc-3aa"/>
      </symbol>
      <symbol id="sm-772">
         <name>__mspabi_srall</name>
         <value>0x123da</value>
         <object_component_ref idref="oc-680"/>
      </symbol>
      <symbol id="sm-77f">
         <name>__mspabi_sllll</name>
         <value>0x124d0</value>
         <object_component_ref idref="oc-65c"/>
      </symbol>
      <symbol id="sm-78c">
         <name>__mspabi_srlll</name>
         <value>0x1250a</value>
         <object_component_ref idref="oc-66c"/>
      </symbol>
      <symbol id="sm-797">
         <name>_system_pre_init</name>
         <value>0x129e6</value>
         <object_component_ref idref="oc-438"/>
      </symbol>
      <symbol id="sm-7a0">
         <name>_system_post_cinit</name>
         <value>0x129ea</value>
         <object_component_ref idref="oc-623"/>
      </symbol>
      <symbol id="sm-7b1">
         <name>__TI_decompress_none</name>
         <value>0x1295c</value>
         <object_component_ref idref="oc-73"/>
      </symbol>
      <symbol id="sm-7d4">
         <name>__TI_decompress_lzss</name>
         <value>0x11dda</value>
         <object_component_ref idref="oc-6d"/>
      </symbol>
      <symbol id="sm-80f">
         <name>__mspabi_addd</name>
         <value>0x10000</value>
         <object_component_ref idref="oc-5b4"/>
      </symbol>
      <symbol id="sm-824">
         <name>__mspabi_fixdi</name>
         <value>0x1271e</value>
         <object_component_ref idref="oc-48f"/>
      </symbol>
      <symbol id="sm-833">
         <name>__mspabi_fixdli</name>
         <value>0x11ff8</value>
         <object_component_ref idref="oc-596"/>
      </symbol>
      <symbol id="sm-83e">
         <name>__mspabi_fixdu</name>
         <value>0x1294a</value>
         <object_component_ref idref="oc-5ba"/>
      </symbol>
      <symbol id="sm-84e">
         <name>__mspabi_fixdul</name>
         <value>0x11f28</value>
         <object_component_ref idref="oc-688"/>
      </symbol>
      <symbol id="sm-857">
         <name>__mspabi_fltid</name>
         <value>0x129b6</value>
         <object_component_ref idref="oc-483"/>
      </symbol>
      <symbol id="sm-86f">
         <name>__mspabi_fltlid</name>
         <value>0x11c1c</value>
         <object_component_ref idref="oc-582"/>
      </symbol>
      <symbol id="sm-896">
         <name>__mspabi_mpyd</name>
         <value>0x1072a</value>
         <object_component_ref idref="oc-489"/>
      </symbol>
      <symbol id="sm-8a0">
         <name>__mspabi_subd</name>
         <value>0x125b4</value>
         <object_component_ref idref="oc-5c0"/>
      </symbol>
      <symbol id="sm-8aa">
         <name>C$$EXIT</name>
         <value>0x129e0</value>
         <object_component_ref idref="oc-51f"/>
      </symbol>
      <symbol id="sm-8ab">
         <name>abort</name>
         <value>0x129e0</value>
         <object_component_ref idref="oc-51f"/>
      </symbol>
      <symbol id="sm-8bc">
         <name>memcpy</name>
         <value>0x12924</value>
         <object_component_ref idref="oc-37a"/>
      </symbol>
      <symbol id="sm-8ca">
         <name>memset</name>
         <value>0x128bc</value>
         <object_component_ref idref="oc-763"/>
      </symbol>
      <symbol id="sm-931">
         <name>__TI_printfi_minimal</name>
         <value>0x1182e</value>
         <object_component_ref idref="oc-6d0"/>
      </symbol>
      <symbol id="sm-943">
         <name>__TI_frcmpyd</name>
         <value>0x1128c</value>
         <object_component_ref idref="oc-589"/>
      </symbol>
      <symbol id="sm-955">
         <name>memccpy</name>
         <value>0x12792</value>
         <object_component_ref idref="oc-770"/>
      </symbol>
      <symbol id="sm-963">
         <name>strlen</name>
         <value>0x1299c</value>
         <object_component_ref idref="oc-736"/>
      </symbol>
   </symbol_table>
   <title>Link successful</title>
</link_info>
